Archive member included to satisfy reference by file (symbol)

C:/Renesas/RA/e2studio_v2024-07_fsp_v5.5.0/toolchains/gcc_arm/13.2.rel1/bin/../lib/gcc/arm-none-eabi/13.2.1/thumb/v8-m.base/nofp\libgcc.a(_thumb1_case_uqi.o)
                              ./src/lps22df_reg.o (__gnu_thumb1_case_uqi)
C:/Renesas/RA/e2studio_v2024-07_fsp_v5.5.0/toolchains/gcc_arm/13.2.rel1/bin/../lib/gcc/arm-none-eabi/13.2.1/thumb/v8-m.base/nofp\libgcc.a(_muldi3.o)
                              ./ra/fsp/src/bsp/mcu/all/bsp_delay.o (__aeabi_lmul)
C:/Renesas/RA/e2studio_v2024-07_fsp_v5.5.0/toolchains/gcc_arm/13.2.rel1/bin/../lib/gcc/arm-none-eabi/13.2.1/thumb/v8-m.base/nofp\libgcc.a(divsf3.o)
                              ./src/lps22df_reg.o (__aeabi_fdiv)
C:/Renesas/RA/e2studio_v2024-07_fsp_v5.5.0/toolchains/gcc_arm/13.2.rel1/bin/../lib/gcc/arm-none-eabi/13.2.1/thumb/v8-m.base/nofp\libgcc.a(mulsf3.o)
                              ./src/lps22df_reg.o (__aeabi_fmul)
C:/Renesas/RA/e2studio_v2024-07_fsp_v5.5.0/toolchains/gcc_arm/13.2.rel1/bin/../lib/gcc/arm-none-eabi/13.2.1/thumb/v8-m.base/nofp\libgcc.a(floatsisf.o)
                              ./src/lps22df_reg.o (__aeabi_i2f)
C:/Renesas/RA/e2studio_v2024-07_fsp_v5.5.0/toolchains/gcc_arm/13.2.rel1/bin/../lib/gcc/arm-none-eabi/13.2.1/thumb/v8-m.base/nofp\libgcc.a(extendsfdf2.o)
                              ./src/hal_entry.o (__aeabi_f2d)
C:/Renesas/RA/e2studio_v2024-07_fsp_v5.5.0/toolchains/gcc_arm/13.2.rel1/bin/../lib/gcc/arm-none-eabi/13.2.1/thumb/v8-m.base/nofp\libgcc.a(_clzsi2.o)
                              C:/Renesas/RA/e2studio_v2024-07_fsp_v5.5.0/toolchains/gcc_arm/13.2.rel1/bin/../lib/gcc/arm-none-eabi/13.2.1/thumb/v8-m.base/nofp\libgcc.a(divsf3.o) (__clzsi2)
C:/Renesas/RA/e2studio_v2024-07_fsp_v5.5.0/toolchains/gcc_arm/13.2.rel1/bin/../lib/gcc/arm-none-eabi/13.2.1/thumb/v8-m.base/nofp\libg_nano.a(libc_a-exit.o)
                              C:/Renesas/RA/e2studio_v2024-07_fsp_v5.5.0/toolchains/gcc_arm/13.2.rel1/bin/../lib/gcc/arm-none-eabi/13.2.1/thumb/v8-m.base/nofp/crt0.o (exit)
C:/Renesas/RA/e2studio_v2024-07_fsp_v5.5.0/toolchains/gcc_arm/13.2.rel1/bin/../lib/gcc/arm-none-eabi/13.2.1/thumb/v8-m.base/nofp\libg_nano.a(libc_a-nano-vfprintf_float.o)
                              (_printf_float)
C:/Renesas/RA/e2studio_v2024-07_fsp_v5.5.0/toolchains/gcc_arm/13.2.rel1/bin/../lib/gcc/arm-none-eabi/13.2.1/thumb/v8-m.base/nofp\libg_nano.a(libc_a-nano-vfprintf_i.o)
                              C:/Renesas/RA/e2studio_v2024-07_fsp_v5.5.0/toolchains/gcc_arm/13.2.rel1/bin/../lib/gcc/arm-none-eabi/13.2.1/thumb/v8-m.base/nofp\libg_nano.a(libc_a-nano-vfprintf_float.o) (_printf_common)
C:/Renesas/RA/e2studio_v2024-07_fsp_v5.5.0/toolchains/gcc_arm/13.2.rel1/bin/../lib/gcc/arm-none-eabi/13.2.1/thumb/v8-m.base/nofp\libg_nano.a(libc_a-findfp.o)
                              C:/Renesas/RA/e2studio_v2024-07_fsp_v5.5.0/toolchains/gcc_arm/13.2.rel1/bin/../lib/gcc/arm-none-eabi/13.2.1/thumb/v8-m.base/nofp\libg_nano.a(libc_a-exit.o) (__stdio_exit_handler)
C:/Renesas/RA/e2studio_v2024-07_fsp_v5.5.0/toolchains/gcc_arm/13.2.rel1/bin/../lib/gcc/arm-none-eabi/13.2.1/thumb/v8-m.base/nofp\libg_nano.a(libc_a-fwalk.o)
                              C:/Renesas/RA/e2studio_v2024-07_fsp_v5.5.0/toolchains/gcc_arm/13.2.rel1/bin/../lib/gcc/arm-none-eabi/13.2.1/thumb/v8-m.base/nofp\libg_nano.a(libc_a-findfp.o) (_fwalk_sglue)
C:/Renesas/RA/e2studio_v2024-07_fsp_v5.5.0/toolchains/gcc_arm/13.2.rel1/bin/../lib/gcc/arm-none-eabi/13.2.1/thumb/v8-m.base/nofp\libg_nano.a(libc_a-printf.o)
                              ./src/hal_entry.o (printf)
C:/Renesas/RA/e2studio_v2024-07_fsp_v5.5.0/toolchains/gcc_arm/13.2.rel1/bin/../lib/gcc/arm-none-eabi/13.2.1/thumb/v8-m.base/nofp\libg_nano.a(libc_a-puts.o)
                              ./src/hal_entry.o (puts)
C:/Renesas/RA/e2studio_v2024-07_fsp_v5.5.0/toolchains/gcc_arm/13.2.rel1/bin/../lib/gcc/arm-none-eabi/13.2.1/thumb/v8-m.base/nofp\libg_nano.a(libc_a-stdio.o)
                              C:/Renesas/RA/e2studio_v2024-07_fsp_v5.5.0/toolchains/gcc_arm/13.2.rel1/bin/../lib/gcc/arm-none-eabi/13.2.1/thumb/v8-m.base/nofp\libg_nano.a(libc_a-findfp.o) (__sread)
C:/Renesas/RA/e2studio_v2024-07_fsp_v5.5.0/toolchains/gcc_arm/13.2.rel1/bin/../lib/gcc/arm-none-eabi/13.2.1/thumb/v8-m.base/nofp\libg_nano.a(libc_a-wbuf.o)
                              C:/Renesas/RA/e2studio_v2024-07_fsp_v5.5.0/toolchains/gcc_arm/13.2.rel1/bin/../lib/gcc/arm-none-eabi/13.2.1/thumb/v8-m.base/nofp\libg_nano.a(libc_a-puts.o) (__swbuf_r)
C:/Renesas/RA/e2studio_v2024-07_fsp_v5.5.0/toolchains/gcc_arm/13.2.rel1/bin/../lib/gcc/arm-none-eabi/13.2.1/thumb/v8-m.base/nofp\libg_nano.a(libc_a-wsetup.o)
                              C:/Renesas/RA/e2studio_v2024-07_fsp_v5.5.0/toolchains/gcc_arm/13.2.rel1/bin/../lib/gcc/arm-none-eabi/13.2.1/thumb/v8-m.base/nofp\libg_nano.a(libc_a-puts.o) (__swsetup_r)
[...]
Memory Configuration

Name             Origin             Length             Attributes
ITCM             0x00000000         0x00000000         xr
DTCM             0x00000000         0x00000000         xrw
FLASH            0x00000000         0x00010000         xr
RAM              0x20004000         0x00003000         xrw
DATA_FLASH       0x40100000         0x00000400         xr
QSPI_FLASH       0x60000000         0x00000000         xr
OSPI_DEVICE_0    0x80020000         0x00000000         xr
OSPI_DEVICE_1    0x80030000         0x00000000         xr
OSPI_DEVICE_0_RAM 0x80020000         0x00000000         xrw
OSPI_DEVICE_1_RAM 0x80030000         0x00000000         xrw
SDRAM            0x80010000         0x00000000         xrw
OPTION_SETTING   0x00000000         0x00000000         r
OPTION_SETTING_OFS 0x00000000         0x00000018         r
OPTION_SETTING_SAS 0x00000034         0x00000000         r
OPTION_SETTING_S 0x80000000         0x00000000         r
ID_CODE          0x01010018         0x00000020         xr
*default*        0x00000000         0xffffffff

Linker script and memory map

LOAD C:/Renesas/RA/e2studio_v2024-07_fsp_v5.5.0/toolchains/gcc_arm/13.2.rel1/bin/../lib/gcc/arm-none-eabi/13.2.1/thumb/v8-m.base/nofp/crti.o
LOAD C:/Renesas/RA/e2studio_v2024-07_fsp_v5.5.0/toolchains/gcc_arm/13.2.rel1/bin/../lib/gcc/arm-none-eabi/13.2.1/thumb/v8-m.base/nofp/crtbegin.o
LOAD C:/Renesas/RA/e2studio_v2024-07_fsp_v5.5.0/toolchains/gcc_arm/13.2.rel1/bin/../lib/gcc/arm-none-eabi/13.2.1/thumb/v8-m.base/nofp/crt0.o
START GROUP
LOAD ./src/hal_entry.o
LOAD ./src/lps22df_reg.o
LOAD ./ra_gen/common_data.o
LOAD ./ra_gen/hal_data.o
LOAD ./ra_gen/main.o
LOAD ./ra_gen/pin_data.o
LOAD ./ra_gen/vector_data.o
LOAD ./ra/fsp/src/r_uarta/r_uarta.o
LOAD ./ra/fsp/src/r_ioport/r_ioport.o
LOAD ./ra/fsp/src/r_iica_master/r_iica_master.o
LOAD ./ra/fsp/src/bsp/mcu/all/bsp_clocks.o
LOAD ./ra/fsp/src/bsp/mcu/all/bsp_common.o
LOAD ./ra/fsp/src/bsp/mcu/all/bsp_delay.o
LOAD ./ra/fsp/src/bsp/mcu/all/bsp_group_irq.o
LOAD ./ra/fsp/src/bsp/mcu/all/bsp_guard.o
LOAD ./ra/fsp/src/bsp/mcu/all/bsp_io.o
LOAD ./ra/fsp/src/bsp/mcu/all/bsp_irq.o
LOAD ./ra/fsp/src/bsp/mcu/all/bsp_macl.o
LOAD ./ra/fsp/src/bsp/mcu/all/bsp_register_protection.o
LOAD ./ra/fsp/src/bsp/mcu/all/bsp_rom_registers.o
LOAD ./ra/fsp/src/bsp/mcu/all/bsp_sbrk.o
LOAD ./ra/fsp/src/bsp/mcu/all/bsp_sdram.o
LOAD ./ra/fsp/src/bsp/mcu/all/bsp_security.o
LOAD ./ra/fsp/src/bsp/cmsis/Device/RENESAS/Source/startup.o
LOAD ./ra/fsp/src/bsp/cmsis/Device/RENESAS/Source/system.o
END GROUP
START GROUP
LOAD C:/Renesas/RA/e2studio_v2024-07_fsp_v5.5.0/toolchains/gcc_arm/13.2.rel1/bin/../lib/gcc/arm-none-eabi/13.2.1/thumb/v8-m.base/nofp\libgcc.a
LOAD C:/Renesas/RA/e2studio_v2024-07_fsp_v5.5.0/toolchains/gcc_arm/13.2.rel1/bin/../lib/gcc/arm-none-eabi/13.2.1/thumb/v8-m.base/nofp\libg_nano.a
LOAD C:/Renesas/RA/e2studio_v2024-07_fsp_v5.5.0/toolchains/gcc_arm/13.2.rel1/bin/../lib/gcc/arm-none-eabi/13.2.1/thumb/v8-m.base/nofp\libc_nano.a
END GROUP
START GROUP
LOAD C:/Renesas/RA/e2studio_v2024-07_fsp_v5.5.0/toolchains/gcc_arm/13.2.rel1/bin/../lib/gcc/arm-none-eabi/13.2.1/thumb/v8-m.base/nofp\libgcc.a
LOAD C:/Renesas/RA/e2studio_v2024-07_fsp_v5.5.0/toolchains/gcc_arm/13.2.rel1/bin/../lib/gcc/arm-none-eabi/13.2.1/thumb/v8-m.base/nofp\libc_nano.a
LOAD C:/Renesas/RA/e2studio_v2024-07_fsp_v5.5.0/toolchains/gcc_arm/13.2.rel1/bin/../lib/gcc/arm-none-eabi/13.2.1/thumb/v8-m.base/nofp\libnosys.a
END GROUP
START GROUP
LOAD C:/Renesas/RA/e2studio_v2024-07_fsp_v5.5.0/toolchains/gcc_arm/13.2.rel1/bin/../lib/gcc/arm-none-eabi/13.2.1/thumb/v8-m.base/nofp\libgcc.a
LOAD C:/Renesas/RA/e2studio_v2024-07_fsp_v5.5.0/toolchains/gcc_arm/13.2.rel1/bin/../lib/gcc/arm-none-eabi/13.2.1/thumb/v8-m.base/nofp\libc_nano.a
LOAD C:/Renesas/RA/e2studio_v2024-07_fsp_v5.5.0/toolchains/gcc_arm/13.2.rel1/bin/../lib/gcc/arm-none-eabi/13.2.1/thumb/v8-m.base/nofp\libnosys.a
END GROUP
LOAD C:/Renesas/RA/e2studio_v2024-07_fsp_v5.5.0/toolchains/gcc_arm/13.2.rel1/bin/../lib/gcc/arm-none-eabi/13.2.1/thumb/v8-m.base/nofp/crtend.o
LOAD C:/Renesas/RA/e2studio_v2024-07_fsp_v5.5.0/toolchains/gcc_arm/13.2.rel1/bin/../lib/gcc/arm-none-eabi/13.2.1/thumb/v8-m.base/nofp/crtn.o
                0x20004000                        RAM_START = 0x20004000
                0x00003000                        RAM_LENGTH = 0x3000
                0x00000000                        FLASH_START = 0x0
                0x00010000                        FLASH_LENGTH = 0x10000
                0x40100000                        DATA_FLASH_START = 0x40100000
                0x00000400                        DATA_FLASH_LENGTH = 0x400
                0x00000000                        OPTION_SETTING_START = 0x0
                0x00000000                        OPTION_SETTING_LENGTH = 0x0
                0x80000000                        OPTION_SETTING_S_START = 0x80000000
                0x00000000                        OPTION_SETTING_S_LENGTH = 0x0
                0x01010018                        ID_CODE_START = 0x1010018
                0x00000020                        ID_CODE_LENGTH = 0x20
                0x80010000                        SDRAM_START = 0x80010000
                0x00000000                        SDRAM_LENGTH = 0x0
                0x60000000                        QSPI_FLASH_START = 0x60000000
                0x00000000                        QSPI_FLASH_LENGTH = 0x0
                0x80020000                        OSPI_DEVICE_0_START = 0x80020000
                0x00000000                        OSPI_DEVICE_0_LENGTH = 0x0
                0x80030000                        OSPI_DEVICE_1_START = 0x80030000
                0x00000000                        OSPI_DEVICE_1_LENGTH = 0x0
                0x00000000                        QSPI_FLASH_PRV_LENGTH = DEFINED (QSPI_FLASH_SIZE)?ABSOLUTE (QSPI_FLASH_SIZE):ABSOLUTE (QSPI_FLASH_LENGTH)
                0x00000000                        OSPI_DEVICE_0_PRV_LENGTH = DEFINED (OSPI_DEVICE_0_SIZE)?ABSOLUTE (OSPI_DEVICE_0_SIZE):ABSOLUTE (OSPI_DEVICE_0_LENGTH)
                0x00000000                        OSPI_DEVICE_1_PRV_LENGTH = DEFINED (OSPI_DEVICE_1_SIZE)?ABSOLUTE (OSPI_DEVICE_1_SIZE):ABSOLUTE (OSPI_DEVICE_1_LENGTH)
                0x00000000                        __RESERVE_NS_RAM = ((! (DEFINED (PROJECT_NONSECURE)) && DEFINED (RAM_NS_BUFFER_LENGTH)) && (OPTION_SETTING_S_LENGTH != 0x0))
                0x00000000                        ITCM_START = DEFINED (ITCM_START)?ITCM_START:0x0
                0x00000000                        ITCM_LENGTH = DEFINED (ITCM_LENGTH)?ITCM_LENGTH:0x0
                0x00000000                        DTCM_START = DEFINED (DTCM_START)?DTCM_START:0x0
                0x00000000                        DTCM_LENGTH = DEFINED (DTCM_LENGTH)?DTCM_LENGTH:0x0
                0x00000000                        RAM_NS_BUFFER_BLOCK_LENGTH = DEFINED (RAM_NS_BUFFER_LENGTH)?ALIGN (RAM_NS_BUFFER_LENGTH, 0x2000):0x0
                0x00000000                        RAM_NS_BUFFER_LENGTH = DEFINED (RAM_NS_BUFFER_LENGTH)?RAM_NS_BUFFER_LENGTH:0x0
                0x20007000                        RAM_NS_BUFFER_START = ((RAM_START + RAM_LENGTH) - RAM_NS_BUFFER_LENGTH)
                0x20007000                        RAM_NS_BUFFER_BLOCK_START = ((RAM_START + RAM_LENGTH) - RAM_NS_BUFFER_BLOCK_LENGTH)
                0x00000080                        OPTION_SETTING_START_NS = DEFINED (PROJECT_NONSECURE)?OPTION_SETTING_START:(OPTION_SETTING_START + 0x80)
                0x00000001                        __bl_FSP_BOOTABLE_IMAGE = 0x1
                0x00000001                        __bln_FSP_BOOTABLE_IMAGE = 0x1
                0x00000000                        PROJECT_SECURE_OR_FLAT = (((! (DEFINED (PROJECT_NONSECURE)) || DEFINED (PROJECT_SECURE)) && OPTION_SETTING_LENGTH) && ! (DEFINED (FSP_BOOTABLE_IMAGE)))
                0x00000000                        USE_OPTION_SETTING_NS = (DEFINED (PROJECT_NONSECURE) && ! (DEFINED (FSP_BOOTABLE_IMAGE)))
                0x00000000                        __bl_FLASH_IMAGE_START = ! (DEFINED (FLASH_BOOTLOADER_LENGTH))?0x0:(FLASH_APPLICATION_IMAGE_NUMBER == 0x1)?((FLASH_START + FLASH_BOOTLOADER_LENGTH) + FLASH_BOOTLOADER_HEADER_LENGTH):(DEFINED (BOOTLOADER_SECONDARY_USE_QSPI) || DEFINED (BOOTLOADER_SECONDARY_USE_OSPI_B))?(((FLASH_START + FLASH_BOOTLOADER_LENGTH) + FLASH_BOOTLOADER_SCRATCH_LENGTH) + FLASH_BOOTLOADER_HEADER_LENGTH):((((FLASH_START + FLASH_BOOTLOADER_LENGTH) + FLASH_BOOTLOADER_SCRATCH_LENGTH) + FLASH_APPLICATION_S_LENGTH) + FLASH_BOOTLOADER_HEADER_LENGTH)
                0x00000000                        __bl_FLASH_IMAGE_LENGTH = ! (DEFINED (FLASH_BOOTLOADER_LENGTH))?0x0:(FLASH_APPLICATION_S_LENGTH - FLASH_BOOTLOADER_HEADER_LENGTH)
                0x00000000                        __bl_FLASH_IMAGE_END = (__bl_FLASH_IMAGE_START + __bl_FLASH_IMAGE_LENGTH)
                0x00000000                        __bl_XIP_SECONDARY_FLASH_IMAGE_START = ! (DEFINED (FLASH_BOOTLOADER_LENGTH))?0x0:(((FLASH_START + FLASH_BOOTLOADER_LENGTH) + FLASH_APPLICATION_S_LENGTH) + FLASH_BOOTLOADER_HEADER_LENGTH)
                0x00000000                        __bl_XIP_SECONDARY_FLASH_IMAGE_END = (__bl_XIP_SECONDARY_FLASH_IMAGE_START + __bl_FLASH_IMAGE_LENGTH)
                0x00000000                        __bl_FLASH_NS_START = ! (DEFINED (FLASH_BOOTLOADER_LENGTH))?0x0:(FLASH_APPLICATION_NS_LENGTH == 0x0)?__bl_FLASH_IMAGE_END:((__bl_FLASH_IMAGE_START - FLASH_BOOTLOADER_HEADER_LENGTH) + FLASH_APPLICATION_S_LENGTH)
                0x00000000                        __bl_FLASH_NSC_START = ! (DEFINED (FLASH_BOOTLOADER_LENGTH))?0x0:(FLASH_APPLICATION_NS_LENGTH == 0x0)?__bl_FLASH_IMAGE_END:(__bl_FLASH_IMAGE_END - FLASH_APPLICATION_NSC_LENGTH)
                0x00000000                        __bl_RAM_NS_START = ! (DEFINED (FLASH_BOOTLOADER_LENGTH))?0x0:(FLASH_APPLICATION_NS_LENGTH == 0x0)?(RAM_START + RAM_LENGTH):((RAM_START + RAM_LENGTH) - RAM_APPLICATION_NS_LENGTH)
                0x00000000                        __bl_RAM_NSC_START = ! (DEFINED (FLASH_BOOTLOADER_LENGTH))?0x0:(FLASH_APPLICATION_NS_LENGTH == 0x0)?(RAM_START + RAM_LENGTH):(__bl_RAM_NS_START - RAM_APPLICATION_NSC_LENGTH)
                0x00000000                        __bl_FLASH_NS_IMAGE_START = ! (DEFINED (FLASH_BOOTLOADER_LENGTH))?0x0:(FLASH_APPLICATION_NS_LENGTH == 0x0)?__bl_FLASH_IMAGE_END:(__bl_FLASH_NS_START + FLASH_BOOTLOADER_HEADER_LENGTH_2)
                0x00000000                        __bln_FLASH_IMAGE_START = (__bl_FLASH_NS_IMAGE_START | ! (DEFINED (NS_OFFSET_START))?0x0:NS_OFFSET_START)
                0x00000000                        __bln_FLASH_IMAGE_LENGTH = ! (DEFINED (FLASH_BOOTLOADER_LENGTH))?0x0:(FLASH_APPLICATION_NS_LENGTH == 0x0)?__bl_FLASH_IMAGE_END:(FLASH_APPLICATION_NS_LENGTH - FLASH_BOOTLOADER_HEADER_LENGTH_2)
                0x00000000                        XIP_SECONDARY_SLOT_IMAGE = DEFINED (XIP_SECONDARY_SLOT_IMAGE)?XIP_SECONDARY_SLOT_IMAGE:0x0
                0x00000000                        FLASH_ORIGIN = ! (DEFINED (FLASH_IMAGE_START))?FLASH_START:(XIP_SECONDARY_SLOT_IMAGE == 0x1)?XIP_SECONDARY_FLASH_IMAGE_START:FLASH_IMAGE_START
                0x00010000                        LIMITED_FLASH_LENGTH = DEFINED (FLASH_IMAGE_LENGTH)?FLASH_IMAGE_LENGTH:DEFINED (FLASH_BOOTLOADER_LENGTH)?FLASH_BOOTLOADER_LENGTH:FLASH_LENGTH
                0x00000034                        OPTION_SETTING_SAS_SIZE = 0x34
                0x00000000                        OPTION_SETTING_SAS_LENGTH = ! (DEFINED (OPTION_SETTING_LENGTH))?0x0:(OPTION_SETTING_LENGTH == 0x0)?0x0:(OPTION_SETTING_LENGTH - OPTION_SETTING_SAS_SIZE)
START GROUP
LOAD C:/Renesas/RA/e2studio_v2024-07_fsp_v5.5.0/toolchains/gcc_arm/13.2.rel1/bin/../lib/gcc/arm-none-eabi/13.2.1/thumb/v8-m.base/nofp\libgcc.a
LOAD C:/Renesas/RA/e2studio_v2024-07_fsp_v5.5.0/toolchains/gcc_arm/13.2.rel1/bin/../lib/gcc/arm-none-eabi/13.2.1/thumb/v8-m.base/nofp\libc.a
LOAD C:/Renesas/RA/e2studio_v2024-07_fsp_v5.5.0/toolchains/gcc_arm/13.2.rel1/bin/../lib/gcc/arm-none-eabi/13.2.1/thumb/v8-m.base/nofp\libm.a
END GROUP

.text           0x00000000     0x6850
                0x00000000                        __tz_FLASH_S = ABSOLUTE (FLASH_START)
                0x00000000                        __ROM_Start = .
 *(.fixed_vectors*)
 .fixed_vectors
                0x00000000       0x40 ./ra/fsp/src/bsp/cmsis/Device/RENESAS/Source/startup.o
                0x00000000                __Vectors
 *(.application_vectors*)
 .application_vectors
                0x00000040       0xa8 ./ra_gen/vector_data.o
                0x00000040                g_vector_table
                0x000000e8                        __Vectors_End = .
 *(.flash_gap*)
 .flash_gap     0x000000e8       0x68 ./ra/fsp/src/bsp/mcu/all/bsp_clocks.o
                0x000000e8                SystemCoreClockUpdate
 .flash_gap     0x00000150       0x5c ./ra/fsp/src/bsp/mcu/all/bsp_delay.o
                0x00000150                bsp_prv_software_delay_loop
                0x00000158                R_BSP_SoftwareDelay
 .flash_gap     0x000001ac       0x58 ./ra/fsp/src/bsp/mcu/all/bsp_group_irq.o
                0x000001c0                R_BSP_GroupIrqWrite
                0x000001d0                NMI_Handler
 .flash_gap     0x00000204       0xb0 ./ra/fsp/src/bsp/mcu/all/bsp_irq.o
                0x00000204                R_BSP_IrqClearPending
                0x0000021c                R_BSP_IrqCfg
                0x00000258                R_BSP_IrqEnableNoClear
                0x00000270                R_BSP_IrqEnable
                0x00000280                R_BSP_IrqDisable
                0x000002a0                R_BSP_IrqCfgEnable
                0x000002b0                bsp_irq_cfg
 .flash_gap     0x000002b4       0x10 ./ra/fsp/src/bsp/cmsis/Device/RENESAS/Source/startup.o
                0x000002b4                DebugMon_Handler
                0x000002b4                HardFault_Handler
                0x000002b4                SysTick_Handler
                0x000002b4                PendSV_Handler
                0x000002b4                UsageFault_Handler
                0x000002b4                BusFault_Handler
                0x000002b4                SecureFault_Handler
                0x000002b4                Default_Handler
                0x000002b4                MemManage_Handler
                0x000002b4                SVC_Handler
                0x000002b8                Reset_Handler
                0x00000400                        . = (OPTION_SETTING_LENGTH > 0x0)?.:(__ROM_Start + 0x400)
 *fill*         0x000002c4      0x13c ff
 *(.rom_registers*)
 .rom_registers
                0x00000400        0x8 ./ra/fsp/src/bsp/mcu/all/bsp_rom_registers.o
 *(.mcuboot_sce9_key*)
 *(.text*)
 .text.deregister_tm_clones
                0x00000408       0x24 C:/Renesas/RA/e2studio_v2024-07_fsp_v5.5.0/toolchains/gcc_arm/13.2.rel1/bin/../lib/gcc/arm-none-eabi/13.2.1/thumb/v8-m.base/nofp/crtbegin.o
 .text.register_tm_clones
                0x0000042c       0x2c C:/Renesas/RA/e2studio_v2024-07_fsp_v5.5.0/toolchains/gcc_arm/13.2.rel1/bin/../lib/gcc/arm-none-eabi/13.2.1/thumb/v8-m.base/nofp/crtbegin.o
 .text.__do_global_dtors_aux
                0x00000458       0x30 C:/Renesas/RA/e2studio_v2024-07_fsp_v5.5.0/toolchains/gcc_arm/13.2.rel1/bin/../lib/gcc/arm-none-eabi/13.2.1/thumb/v8-m.base/nofp/crtbegin.o
 .text.frame_dummy
                0x00000488       0x28 C:/Renesas/RA/e2studio_v2024-07_fsp_v5.5.0/toolchains/gcc_arm/13.2.rel1/bin/../lib/gcc/arm-none-eabi/13.2.1/thumb/v8-m.base/nofp/crtbegin.o
 .text.platform_delay
                0x000004b0        0xc ./src/hal_entry.o
 .text.platform_write
                0x000004bc       0x90 ./src/hal_entry.o
 .text.platform_read
                0x0000054c       0xc4 ./src/hal_entry.o
 .text.user_uart_callback
                0x00000610       0x14 ./src/hal_entry.o
                0x00000610                user_uart_callback
 .text.__io_putchar
                0x00000624       0x34 ./src/hal_entry.o
                0x00000624                __io_putchar
 .text._write   0x00000658       0x1a ./src/hal_entry.o
                0x00000658                _write
 *fill*         0x00000672        0x2 ff
 .text.iica_master_callback
                0x00000674       0x14 ./src/hal_entry.o
                0x00000674                iica_master_callback
 .text.hal_entry
                0x00000688      0x164 ./src/hal_entry.o
                0x00000688                hal_entry
 .text.R_BSP_WarmStart
                0x000007ec       0x28 ./src/hal_entry.o
                0x000007ec                R_BSP_WarmStart
 .text.lps22df_read_reg
                0x00000814       0x12 ./src/lps22df_reg.o
                0x00000814                lps22df_read_reg
 .text.lps22df_write_reg
                0x00000826       0x12 ./src/lps22df_reg.o
                0x00000826                lps22df_write_reg
 .text.lps22df_id_get
                0x00000838       0x18 ./src/lps22df_reg.o
                0x00000838                lps22df_id_get
 .text.lps22df_bus_mode_set
                0x00000850       0x7c ./src/lps22df_reg.o
                0x00000850                lps22df_bus_mode_set
 .text.lps22df_status_get
                0x000008cc       0x94 ./src/lps22df_reg.o
                0x000008cc                lps22df_status_get
 .text.lps22df_init_set
                0x00000960       0xe0 ./src/lps22df_reg.o
                0x00000960                lps22df_init_set
 .text.lps22df_all_sources_get
                0x00000a40       0x7a ./src/lps22df_reg.o
                0x00000a40                lps22df_all_sources_get
 .text.lps22df_mode_set
                0x00000aba       0x4c ./src/lps22df_reg.o
                0x00000aba                lps22df_mode_set
 *fill*         0x00000b06        0x2 ff
 .text.lps22df_data_get
                0x00000b08       0x58 ./src/lps22df_reg.o
                0x00000b08                lps22df_data_get
 .text.lps22df_pin_int_route_set
                0x00000b60       0x4c ./src/lps22df_reg.o
                0x00000b60                lps22df_pin_int_route_set
 .text.lps22df_pin_int_route_get
                0x00000bac       0x3a ./src/lps22df_reg.o
                0x00000bac                lps22df_pin_int_route_get
 .text.startup.main
                0x00000be6        0xa ./ra_gen/main.o
                0x00000be6                main
 .text.r_uarta_call_callback
                0x00000bf0       0x1c ./ra/fsp/src/r_uarta/r_uarta.o
 .text.R_UARTA_Open
                0x00000c0c       0xc0 ./ra/fsp/src/r_uarta/r_uarta.o
                0x00000c0c                R_UARTA_Open
 .text.R_UARTA_Write
                0x00000ccc       0x38 ./ra/fsp/src/r_uarta/r_uarta.o
                0x00000ccc                R_UARTA_Write
 .text.uarta_txi_isr
                0x00000d04       0x48 ./ra/fsp/src/r_uarta/r_uarta.o
                0x00000d04                uarta_txi_isr
 .text.uarta_rxi_isr
                0x00000d4c       0x54 ./ra/fsp/src/r_uarta/r_uarta.o
                0x00000d4c                uarta_rxi_isr
 .text.R_BSP_PinAccessEnable
                0x00000da0       0x2c ./ra/fsp/src/r_ioport/r_ioport.o
 .text.R_BSP_PinAccessDisable
                0x00000dcc       0x30 ./ra/fsp/src/r_ioport/r_ioport.o
 .text.R_IOPORT_PinWrite
                0x00000dfc       0x24 ./ra/fsp/src/r_ioport/r_ioport.o
                0x00000dfc                R_IOPORT_PinWrite
 .text.r_ioport_pins_config
                0x00000e20       0x3c ./ra/fsp/src/r_ioport/r_ioport.o
 .text.R_IOPORT_Open
                0x00000e5c       0x14 ./ra/fsp/src/r_ioport/r_ioport.o
                0x00000e5c                R_IOPORT_Open
 .text.R_BSP_PinAccessEnable
                0x00000e70       0x2c ./ra/fsp/src/r_iica_master/r_iica_master.o
 .text.R_BSP_PinAccessDisable
                0x00000e9c       0x30 ./ra/fsp/src/r_iica_master/r_iica_master.o
 .text.r_iica_master_notify
                0x00000ecc       0x20 ./ra/fsp/src/r_iica_master/r_iica_master.o
 .text.r_iica_master_run_hw_master
                0x00000eec       0x4c ./ra/fsp/src/r_iica_master/r_iica_master.o
 .text.R_IICA_MASTER_Read
                0x00000f38       0x2a ./ra/fsp/src/r_iica_master/r_iica_master.o
                0x00000f38                R_IICA_MASTER_Read
 .text.R_IICA_MASTER_Write
                0x00000f62       0x28 ./ra/fsp/src/r_iica_master/r_iica_master.o
                0x00000f62                R_IICA_MASTER_Write
 *fill*         0x00000f8a        0x2 ff
 .text.R_IICA_MASTER_Open
                0x00000f8c       0xec ./ra/fsp/src/r_iica_master/r_iica_master.o
                0x00000f8c                R_IICA_MASTER_Open
 .text.iica_master_txrxi_isr
                0x00001078       0xe0 ./ra/fsp/src/r_iica_master/r_iica_master.o
                0x00001078                iica_master_txrxi_isr
 .text.bsp_prv_operating_mode_flmode_set
                0x00001158       0x48 ./ra/fsp/src/bsp/mcu/all/bsp_clocks.o
 .text.bsp_prv_clock_set
                0x000011a0       0xa8 ./ra/fsp/src/bsp/mcu/all/bsp_clocks.o
                0x000011a0                bsp_prv_clock_set
 .text.R_BSP_SubClockStabilizeWaitAfterReset
                0x00001248        0x2 ./ra/fsp/src/bsp/mcu/all/bsp_clocks.o
                0x00001248                R_BSP_SubClockStabilizeWaitAfterReset
 *fill*         0x0000124a        0x2 ff
 .text.bsp_clock_init
                0x0000124c       0xd4 ./ra/fsp/src/bsp/mcu/all/bsp_clocks.o
                0x0000124c                bsp_clock_init
 .text.R_BSP_Init_RTC
                0x00001320        0x2 ./ra/fsp/src/bsp/mcu/all/bsp_clocks.o
                0x00001320                R_BSP_Init_RTC
 .text.bsp_init_internal
                0x00001322        0x2 ./ra/fsp/src/bsp/mcu/all/bsp_common.o
                0x00001322                bsp_init_internal
                0x00001322                bsp_init
 .text.__assert_func
                0x00001324        0x4 ./ra/fsp/src/bsp/mcu/all/bsp_common.o
                0x00001324                __assert_func
 .text._sbrk    0x00001328       0x3c ./ra/fsp/src/bsp/mcu/all/bsp_sbrk.o
                0x00001328                _sbrk
 .text.SystemInit
                0x00001364       0x8c ./ra/fsp/src/bsp/cmsis/Device/RENESAS/Source/system.o
                0x00001364                SystemInit
 .text          0x000013f0       0x14 C:/Renesas/RA/e2studio_v2024-07_fsp_v5.5.0/toolchains/gcc_arm/13.2.rel1/bin/../lib/gcc/arm-none-eabi/13.2.1/thumb/v8-m.base/nofp\libgcc.a(_thumb1_case_uqi.o)
                0x000013f0                __gnu_thumb1_case_uqi
 .text.__muldi3
                0x00001404       0x5c C:/Renesas/RA/e2studio_v2024-07_fsp_v5.5.0/toolchains/gcc_arm/13.2.rel1/bin/../lib/gcc/arm-none-eabi/13.2.1/thumb/v8-m.base/nofp\libgcc.a(_muldi3.o)
                0x00001404                __muldi3
                0x00001404                __aeabi_lmul
 .text.__aeabi_fdiv
                0x00001460      0x224 C:/Renesas/RA/e2studio_v2024-07_fsp_v5.5.0/toolchains/gcc_arm/13.2.rel1/bin/../lib/gcc/arm-none-eabi/13.2.1/thumb/v8-m.base/nofp\libgcc.a(divsf3.o)
                0x00001460                __aeabi_fdiv
 .text.__aeabi_fmul
                0x00001684      0x280 C:/Renesas/RA/e2studio_v2024-07_fsp_v5.5.0/toolchains/gcc_arm/13.2.rel1/bin/../lib/gcc/arm-none-eabi/13.2.1/thumb/v8-m.base/nofp\libgcc.a(mulsf3.o)
                0x00001684                __aeabi_fmul
 .text.__aeabi_i2f
                0x00001904       0x90 C:/Renesas/RA/e2studio_v2024-07_fsp_v5.5.0/toolchains/gcc_arm/13.2.rel1/bin/../lib/gcc/arm-none-eabi/13.2.1/thumb/v8-m.base/nofp\libgcc.a(floatsisf.o)
                0x00001904                __aeabi_i2f
 .text.__aeabi_f2d
                0x00001994       0x88 C:/Renesas/RA/e2studio_v2024-07_fsp_v5.5.0/toolchains/gcc_arm/13.2.rel1/bin/../lib/gcc/arm-none-eabi/13.2.1/thumb/v8-m.base/nofp\libgcc.a(extendsfdf2.o)
                0x00001994                __aeabi_f2d
 .text          0x00001a1c       0x3c C:/Renesas/RA/e2studio_v2024-07_fsp_v5.5.0/toolchains/gcc_arm/13.2.rel1/bin/../lib/gcc/arm-none-eabi/13.2.1/thumb/v8-m.base/nofp\libgcc.a(_clzsi2.o)
                0x00001a1c                __clzsi2
 .text.__cvt    0x00001a58       0xc8 C:/Renesas/RA/e2studio_v2024-07_fsp_v5.5.0/toolchains/gcc_arm/13.2.rel1/bin/../lib/gcc/arm-none-eabi/13.2.1/thumb/v8-m.base/nofp\libg_nano.a(libc_a-nano-vfprintf_float.o)
                0x00001a58                __cvt
 .text.__exponent
                0x00001b20       0x6e C:/Renesas/RA/e2studio_v2024-07_fsp_v5.5.0/toolchains/gcc_arm/13.2.rel1/bin/../lib/gcc/arm-none-eabi/13.2.1/thumb/v8-m.base/nofp\libg_nano.a(libc_a-nano-vfprintf_float.o)
                0x00001b20                __exponent
 *fill*         0x00001b8e        0x2 ff
 .text._printf_float
                0x00001b90      0x470 C:/Renesas/RA/e2studio_v2024-07_fsp_v5.5.0/toolchains/gcc_arm/13.2.rel1/bin/../lib/gcc/arm-none-eabi/13.2.1/thumb/v8-m.base/nofp\libg_nano.a(libc_a-nano-vfprintf_float.o)
                0x00001b90                _printf_float
 .text._printf_common
                0x00002000       0xdc C:/Renesas/RA/e2studio_v2024-07_fsp_v5.5.0/toolchains/gcc_arm/13.2.rel1/bin/../lib/gcc/arm-none-eabi/13.2.1/thumb/v8-m.base/nofp\libg_nano.a(libc_a-nano-vfprintf_i.o)
                0x00002000                _printf_common
 .text._printf_i
                0x000020dc      0x20c C:/Renesas/RA/e2studio_v2024-07_fsp_v5.5.0/toolchains/gcc_arm/13.2.rel1/bin/../lib/gcc/arm-none-eabi/13.2.1/thumb/v8-m.base/nofp\libg_nano.a(libc_a-nano-vfprintf_i.o)
                0x000020dc                _printf_i
 .text.std      0x000022e8       0x6c C:/Renesas/RA/e2studio_v2024-07_fsp_v5.5.0/toolchains/gcc_arm/13.2.rel1/bin/../lib/gcc/arm-none-eabi/13.2.1/thumb/v8-m.base/nofp\libg_nano.a(libc_a-findfp.o)
 .text.stdio_exit_handler
                0x00002354       0x1c C:/Renesas/RA/e2studio_v2024-07_fsp_v5.5.0/toolchains/gcc_arm/13.2.rel1/bin/../lib/gcc/arm-none-eabi/13.2.1/thumb/v8-m.base/nofp\libg_nano.a(libc_a-findfp.o)
 .text.cleanup_stdio
                0x00002370       0x3c C:/Renesas/RA/e2studio_v2024-07_fsp_v5.5.0/toolchains/gcc_arm/13.2.rel1/bin/../lib/gcc/arm-none-eabi/13.2.1/thumb/v8-m.base/nofp\libg_nano.a(libc_a-findfp.o)
 .text.global_stdio_init.part.0
                0x000023ac       0x3c C:/Renesas/RA/e2studio_v2024-07_fsp_v5.5.0/toolchains/gcc_arm/13.2.rel1/bin/../lib/gcc/arm-none-eabi/13.2.1/thumb/v8-m.base/nofp\libg_nano.a(libc_a-findfp.o)
 .text.__sfp_lock_acquire
                0x000023e8       0x10 C:/Renesas/RA/e2studio_v2024-07_fsp_v5.5.0/toolchains/gcc_arm/13.2.rel1/bin/../lib/gcc/arm-none-eabi/13.2.1/thumb/v8-m.base/nofp\libg_nano.a(libc_a-findfp.o)
                0x000023e8                __sfp_lock_acquire
 .text.__sfp_lock_release
                0x000023f8       0x10 C:/Renesas/RA/e2studio_v2024-07_fsp_v5.5.0/toolchains/gcc_arm/13.2.rel1/bin/../lib/gcc/arm-none-eabi/13.2.1/thumb/v8-m.base/nofp\libg_nano.a(libc_a-findfp.o)
                0x000023f8                __sfp_lock_release
 .text.__sinit  0x00002408       0x2c C:/Renesas/RA/e2studio_v2024-07_fsp_v5.5.0/toolchains/gcc_arm/13.2.rel1/bin/../lib/gcc/arm-none-eabi/13.2.1/thumb/v8-m.base/nofp\libg_nano.a(libc_a-findfp.o)
                0x00002408                __sinit
 .text._fwalk_sglue
                0x00002434       0x38 C:/Renesas/RA/e2studio_v2024-07_fsp_v5.5.0/toolchains/gcc_arm/13.2.rel1/bin/../lib/gcc/arm-none-eabi/13.2.1/thumb/v8-m.base/nofp\libg_nano.a(libc_a-fwalk.o)
                0x00002434                _fwalk_sglue
 .text.printf   0x0000246c       0x20 C:/Renesas/RA/e2studio_v2024-07_fsp_v5.5.0/toolchains/gcc_arm/13.2.rel1/bin/../lib/gcc/arm-none-eabi/13.2.1/thumb/v8-m.base/nofp\libg_nano.a(libc_a-printf.o)
                0x0000246c                iprintf
                0x0000246c                printf
 .text._puts_r  0x0000248c       0xa6 C:/Renesas/RA/e2studio_v2024-07_fsp_v5.5.0/toolchains/gcc_arm/13.2.rel1/bin/../lib/gcc/arm-none-eabi/13.2.1/thumb/v8-m.base/nofp\libg_nano.a(libc_a-puts.o)
                0x0000248c                _puts_r
 *fill*         0x00002532        0x2 ff
 .text.puts     0x00002534       0x14 C:/Renesas/RA/e2studio_v2024-07_fsp_v5.5.0/toolchains/gcc_arm/13.2.rel1/bin/../lib/gcc/arm-none-eabi/13.2.1/thumb/v8-m.base/nofp\libg_nano.a(libc_a-puts.o)
                0x00002534                puts
 .text.__sread  0x00002548       0x28 C:/Renesas/RA/e2studio_v2024-07_fsp_v5.5.0/toolchains/gcc_arm/13.2.rel1/bin/../lib/gcc/arm-none-eabi/13.2.1/thumb/v8-m.base/nofp\libg_nano.a(libc_a-stdio.o)
                0x00002548                __sread
 .text.__swrite
                0x00002570       0x38 C:/Renesas/RA/e2studio_v2024-07_fsp_v5.5.0/toolchains/gcc_arm/13.2.rel1/bin/../lib/gcc/arm-none-eabi/13.2.1/thumb/v8-m.base/nofp\libg_nano.a(libc_a-stdio.o)
                0x00002570                __swrite
 .text.__sseek  0x000025a8       0x2c C:/Renesas/RA/e2studio_v2024-07_fsp_v5.5.0/toolchains/gcc_arm/13.2.rel1/bin/../lib/gcc/arm-none-eabi/13.2.1/thumb/v8-m.base/nofp\libg_nano.a(libc_a-stdio.o)
                0x000025a8                __sseek
 .text.__sclose
                0x000025d4        0xc C:/Renesas/RA/e2studio_v2024-07_fsp_v5.5.0/toolchains/gcc_arm/13.2.rel1/bin/../lib/gcc/arm-none-eabi/13.2.1/thumb/v8-m.base/nofp\libg_nano.a(libc_a-stdio.o)
                0x000025d4                __sclose
 .text.__swbuf_r
                0x000025e0       0x7c C:/Renesas/RA/e2studio_v2024-07_fsp_v5.5.0/toolchains/gcc_arm/13.2.rel1/bin/../lib/gcc/arm-none-eabi/13.2.1/thumb/v8-m.base/nofp\libg_nano.a(libc_a-wbuf.o)
                0x000025e0                __swbuf_r
 .text.__swsetup_r
                0x0000265c       0xb0 C:/Renesas/RA/e2studio_v2024-07_fsp_v5.5.0/toolchains/gcc_arm/13.2.rel1/bin/../lib/gcc/arm-none-eabi/13.2.1/thumb/v8-m.base/nofp\libg_nano.a(libc_a-wsetup.o)
                0x0000265c                __swsetup_r
 .text.memset   0x0000270c       0x10 C:/Renesas/RA/e2studio_v2024-07_fsp_v5.5.0/toolchains/gcc_arm/13.2.rel1/bin/../lib/gcc/arm-none-eabi/13.2.1/thumb/v8-m.base/nofp\libg_nano.a(libc_a-memset.o)
                0x0000270c                memset
 .text._localeconv_r
                0x0000271c        0x8 C:/Renesas/RA/e2studio_v2024-07_fsp_v5.5.0/toolchains/gcc_arm/13.2.rel1/bin/../lib/gcc/arm-none-eabi/13.2.1/thumb/v8-m.base/nofp\libg_nano.a(libc_a-localeconv.o)
                0x0000271c                _localeconv_r
 .text._close_r
                0x00002724       0x20 C:/Renesas/RA/e2studio_v2024-07_fsp_v5.5.0/toolchains/gcc_arm/13.2.rel1/bin/../lib/gcc/arm-none-eabi/13.2.1/thumb/v8-m.base/nofp\libg_nano.a(libc_a-closer.o)
                0x00002724                _close_r
 .text._lseek_r
                0x00002744       0x24 C:/Renesas/RA/e2studio_v2024-07_fsp_v5.5.0/toolchains/gcc_arm/13.2.rel1/bin/../lib/gcc/arm-none-eabi/13.2.1/thumb/v8-m.base/nofp\libg_nano.a(libc_a-lseekr.o)
                0x00002744                _lseek_r
 .text._read_r  0x00002768       0x24 C:/Renesas/RA/e2studio_v2024-07_fsp_v5.5.0/toolchains/gcc_arm/13.2.rel1/bin/../lib/gcc/arm-none-eabi/13.2.1/thumb/v8-m.base/nofp\libg_nano.a(libc_a-readr.o)
                0x00002768                _read_r
 .text._write_r
                0x0000278c       0x24 C:/Renesas/RA/e2studio_v2024-07_fsp_v5.5.0/toolchains/gcc_arm/13.2.rel1/bin/../lib/gcc/arm-none-eabi/13.2.1/thumb/v8-m.base/nofp\libg_nano.a(libc_a-writer.o)
                0x0000278c                _write_r
 .text.__errno  0x000027b0        0xc C:/Renesas/RA/e2studio_v2024-07_fsp_v5.5.0/toolchains/gcc_arm/13.2.rel1/bin/../lib/gcc/arm-none-eabi/13.2.1/thumb/v8-m.base/nofp\libg_nano.a(libc_a-errno.o)
                0x000027b0                __errno
 .text.__retarget_lock_init_recursive
                0x000027bc        0x2 C:/Renesas/RA/e2studio_v2024-07_fsp_v5.5.0/toolchains/gcc_arm/13.2.rel1/bin/../lib/gcc/arm-none-eabi/13.2.1/thumb/v8-m.base/nofp\libg_nano.a(libc_a-lock.o)
                0x000027bc                __retarget_lock_init_recursive
 .text.__retarget_lock_acquire_recursive
                0x000027be        0x2 C:/Renesas/RA/e2studio_v2024-07_fsp_v5.5.0/toolchains/gcc_arm/13.2.rel1/bin/../lib/gcc/arm-none-eabi/13.2.1/thumb/v8-m.base/nofp\libg_nano.a(libc_a-lock.o)
                0x000027be                __retarget_lock_acquire_recursive
 .text.__retarget_lock_release_recursive
                0x000027c0        0x2 C:/Renesas/RA/e2studio_v2024-07_fsp_v5.5.0/toolchains/gcc_arm/13.2.rel1/bin/../lib/gcc/arm-none-eabi/13.2.1/thumb/v8-m.base/nofp\libg_nano.a(libc_a-lock.o)
                0x000027c0                __retarget_lock_release_recursive
 .text.memchr   0x000027c2       0x16 C:/Renesas/RA/e2studio_v2024-07_fsp_v5.5.0/toolchains/gcc_arm/13.2.rel1/bin/../lib/gcc/arm-none-eabi/13.2.1/thumb/v8-m.base/nofp\libg_nano.a(libc_a-memchr-stub.o)
                0x000027c2                memchr
 .text.memcpy   0x000027d8       0x12 C:/Renesas/RA/e2studio_v2024-07_fsp_v5.5.0/toolchains/gcc_arm/13.2.rel1/bin/../lib/gcc/arm-none-eabi/13.2.1/thumb/v8-m.base/nofp\libg_nano.a(libc_a-memcpy-stub.o)
                0x000027d8                memcpy
 .text          0x000027ea        0xe C:/Renesas/RA/e2studio_v2024-07_fsp_v5.5.0/toolchains/gcc_arm/13.2.rel1/bin/../lib/gcc/arm-none-eabi/13.2.1/thumb/v8-m.base/nofp\libg_nano.a(libc_a-strlen.o)
                0x000027ea                strlen
 .text.quorem   0x000027f8      0x10e C:/Renesas/RA/e2studio_v2024-07_fsp_v5.5.0/toolchains/gcc_arm/13.2.rel1/bin/../lib/gcc/arm-none-eabi/13.2.1/thumb/v8-m.base/nofp\libg_nano.a(libc_a-dtoa.o)
 *fill*         0x00002906        0x2 ff
 .text._dtoa_r  0x00002908      0xbac C:/Renesas/RA/e2studio_v2024-07_fsp_v5.5.0/toolchains/gcc_arm/13.2.rel1/bin/../lib/gcc/arm-none-eabi/13.2.1/thumb/v8-m.base/nofp\libg_nano.a(libc_a-dtoa.o)
                0x00002908                _dtoa_r
 .text._free_r  0x000034b4       0x90 C:/Renesas/RA/e2studio_v2024-07_fsp_v5.5.0/toolchains/gcc_arm/13.2.rel1/bin/../lib/gcc/arm-none-eabi/13.2.1/thumb/v8-m.base/nofp\libg_nano.a(libc_a-freer.o)
                0x000034b4                _free_r
 .text.malloc   0x00003544       0x14 C:/Renesas/RA/e2studio_v2024-07_fsp_v5.5.0/toolchains/gcc_arm/13.2.rel1/bin/../lib/gcc/arm-none-eabi/13.2.1/thumb/v8-m.base/nofp\libg_nano.a(libc_a-malloc.o)
                0x00003544                malloc
 .text.sbrk_aligned
                0x00003558       0x44 C:/Renesas/RA/e2studio_v2024-07_fsp_v5.5.0/toolchains/gcc_arm/13.2.rel1/bin/../lib/gcc/arm-none-eabi/13.2.1/thumb/v8-m.base/nofp\libg_nano.a(libc_a-mallocr.o)
 .text._malloc_r
                0x0000359c      0x100 C:/Renesas/RA/e2studio_v2024-07_fsp_v5.5.0/toolchains/gcc_arm/13.2.rel1/bin/../lib/gcc/arm-none-eabi/13.2.1/thumb/v8-m.base/nofp\libg_nano.a(libc_a-mallocr.o)
                0x0000359c                _malloc_r
 .text.__malloc_lock
                0x0000369c       0x10 C:/Renesas/RA/e2studio_v2024-07_fsp_v5.5.0/toolchains/gcc_arm/13.2.rel1/bin/../lib/gcc/arm-none-eabi/13.2.1/thumb/v8-m.base/nofp\libg_nano.a(libc_a-mlock.o)
                0x0000369c                __malloc_lock
 .text.__malloc_unlock
                0x000036ac       0x10 C:/Renesas/RA/e2studio_v2024-07_fsp_v5.5.0/toolchains/gcc_arm/13.2.rel1/bin/../lib/gcc/arm-none-eabi/13.2.1/thumb/v8-m.base/nofp\libg_nano.a(libc_a-mlock.o)
                0x000036ac                __malloc_unlock
 .text._Balloc  0x000036bc       0x80 C:/Renesas/RA/e2studio_v2024-07_fsp_v5.5.0/toolchains/gcc_arm/13.2.rel1/bin/../lib/gcc/arm-none-eabi/13.2.1/thumb/v8-m.base/nofp\libg_nano.a(libc_a-mprec.o)
                0x000036bc                _Balloc
 .text._Bfree   0x0000373c       0x44 C:/Renesas/RA/e2studio_v2024-07_fsp_v5.5.0/toolchains/gcc_arm/13.2.rel1/bin/../lib/gcc/arm-none-eabi/13.2.1/thumb/v8-m.base/nofp\libg_nano.a(libc_a-mprec.o)
                0x0000373c                _Bfree
 .text.__multadd
                0x00003780       0x84 C:/Renesas/RA/e2studio_v2024-07_fsp_v5.5.0/toolchains/gcc_arm/13.2.rel1/bin/../lib/gcc/arm-none-eabi/13.2.1/thumb/v8-m.base/nofp\libg_nano.a(libc_a-mprec.o)
                0x00003780                __multadd
 .text.__hi0bits
                0x00003804       0x42 C:/Renesas/RA/e2studio_v2024-07_fsp_v5.5.0/toolchains/gcc_arm/13.2.rel1/bin/../lib/gcc/arm-none-eabi/13.2.1/thumb/v8-m.base/nofp\libg_nano.a(libc_a-mprec.o)
                0x00003804                __hi0bits
 .text.__lo0bits
                0x00003846       0x5a C:/Renesas/RA/e2studio_v2024-07_fsp_v5.5.0/toolchains/gcc_arm/13.2.rel1/bin/../lib/gcc/arm-none-eabi/13.2.1/thumb/v8-m.base/nofp\libg_nano.a(libc_a-mprec.o)
                0x00003846                __lo0bits
 .text.__i2b    0x000038a0       0x2c C:/Renesas/RA/e2studio_v2024-07_fsp_v5.5.0/toolchains/gcc_arm/13.2.rel1/bin/../lib/gcc/arm-none-eabi/13.2.1/thumb/v8-m.base/nofp\libg_nano.a(libc_a-mprec.o)
                0x000038a0                __i2b
 .text.__multiply
                0x000038cc      0x150 C:/Renesas/RA/e2studio_v2024-07_fsp_v5.5.0/toolchains/gcc_arm/13.2.rel1/bin/../lib/gcc/arm-none-eabi/13.2.1/thumb/v8-m.base/nofp\libg_nano.a(libc_a-mprec.o)
                0x000038cc                __multiply
 .text.__pow5mult
                0x00003a1c       0xb0 C:/Renesas/RA/e2studio_v2024-07_fsp_v5.5.0/toolchains/gcc_arm/13.2.rel1/bin/../lib/gcc/arm-none-eabi/13.2.1/thumb/v8-m.base/nofp\libg_nano.a(libc_a-mprec.o)
                0x00003a1c                __pow5mult
 .text.__lshift
                0x00003acc       0xd4 C:/Renesas/RA/e2studio_v2024-07_fsp_v5.5.0/toolchains/gcc_arm/13.2.rel1/bin/../lib/gcc/arm-none-eabi/13.2.1/thumb/v8-m.base/nofp\libg_nano.a(libc_a-mprec.o)
                0x00003acc                __lshift
 .text.__mcmp   0x00003ba0       0x36 C:/Renesas/RA/e2studio_v2024-07_fsp_v5.5.0/toolchains/gcc_arm/13.2.rel1/bin/../lib/gcc/arm-none-eabi/13.2.1/thumb/v8-m.base/nofp\libg_nano.a(libc_a-mprec.o)
                0x00003ba0                __mcmp
 *fill*         0x00003bd6        0x2 ff
 .text.__mdiff  0x00003bd8      0x12c C:/Renesas/RA/e2studio_v2024-07_fsp_v5.5.0/toolchains/gcc_arm/13.2.rel1/bin/../lib/gcc/arm-none-eabi/13.2.1/thumb/v8-m.base/nofp\libg_nano.a(libc_a-mprec.o)
                0x00003bd8                __mdiff
 .text.__d2b    0x00003d04       0xb8 C:/Renesas/RA/e2studio_v2024-07_fsp_v5.5.0/toolchains/gcc_arm/13.2.rel1/bin/../lib/gcc/arm-none-eabi/13.2.1/thumb/v8-m.base/nofp\libg_nano.a(libc_a-mprec.o)
                0x00003d04                __d2b
 .text.__sfputc_r
                0x00003dbc       0x2a C:/Renesas/RA/e2studio_v2024-07_fsp_v5.5.0/toolchains/gcc_arm/13.2.rel1/bin/../lib/gcc/arm-none-eabi/13.2.1/thumb/v8-m.base/nofp\libg_nano.a(libc_a-nano-vfprintf.o)
 .text.__sfputs_r
                0x00003de6       0x24 C:/Renesas/RA/e2studio_v2024-07_fsp_v5.5.0/toolchains/gcc_arm/13.2.rel1/bin/../lib/gcc/arm-none-eabi/13.2.1/thumb/v8-m.base/nofp\libg_nano.a(libc_a-nano-vfprintf.o)
                0x00003de6                __sfputs_r
 *fill*         0x00003e0a        0x2 ff
 .text._vfprintf_r
                0x00003e0c      0x22c C:/Renesas/RA/e2studio_v2024-07_fsp_v5.5.0/toolchains/gcc_arm/13.2.rel1/bin/../lib/gcc/arm-none-eabi/13.2.1/thumb/v8-m.base/nofp\libg_nano.a(libc_a-nano-vfprintf.o)
                0x00003e0c                _vfprintf_r
                0x00003e0c                _vfiprintf_r
 .text.__sflush_r
                0x00004038      0x104 C:/Renesas/RA/e2studio_v2024-07_fsp_v5.5.0/toolchains/gcc_arm/13.2.rel1/bin/../lib/gcc/arm-none-eabi/13.2.1/thumb/v8-m.base/nofp\libg_nano.a(libc_a-fflush.o)
                0x00004038                __sflush_r
 .text._fflush_r
                0x0000413c       0x50 C:/Renesas/RA/e2studio_v2024-07_fsp_v5.5.0/toolchains/gcc_arm/13.2.rel1/bin/../lib/gcc/arm-none-eabi/13.2.1/thumb/v8-m.base/nofp\libg_nano.a(libc_a-fflush.o)
                0x0000413c                _fflush_r
 .text.__swhatbuf_r
                0x0000418c       0x54 C:/Renesas/RA/e2studio_v2024-07_fsp_v5.5.0/toolchains/gcc_arm/13.2.rel1/bin/../lib/gcc/arm-none-eabi/13.2.1/thumb/v8-m.base/nofp\libg_nano.a(libc_a-makebuf.o)
                0x0000418c                __swhatbuf_r
 .text.__smakebuf_r
                0x000041e0       0x7c C:/Renesas/RA/e2studio_v2024-07_fsp_v5.5.0/toolchains/gcc_arm/13.2.rel1/bin/../lib/gcc/arm-none-eabi/13.2.1/thumb/v8-m.base/nofp\libg_nano.a(libc_a-makebuf.o)
                0x000041e0                __smakebuf_r
 .text._fstat_r
                0x0000425c       0x24 C:/Renesas/RA/e2studio_v2024-07_fsp_v5.5.0/toolchains/gcc_arm/13.2.rel1/bin/../lib/gcc/arm-none-eabi/13.2.1/thumb/v8-m.base/nofp\libg_nano.a(libc_a-fstatr.o)
                0x0000425c                _fstat_r
 .text._isatty_r
                0x00004280       0x20 C:/Renesas/RA/e2studio_v2024-07_fsp_v5.5.0/toolchains/gcc_arm/13.2.rel1/bin/../lib/gcc/arm-none-eabi/13.2.1/thumb/v8-m.base/nofp\libg_nano.a(libc_a-isattyr.o)
                0x00004280                _isatty_r
 .text._sbrk_r  0x000042a0       0x20 C:/Renesas/RA/e2studio_v2024-07_fsp_v5.5.0/toolchains/gcc_arm/13.2.rel1/bin/../lib/gcc/arm-none-eabi/13.2.1/thumb/v8-m.base/nofp\libg_nano.a(libc_a-sbrkr.o)
                0x000042a0                _sbrk_r
 .text._calloc_r
                0x000042c0       0x54 C:/Renesas/RA/e2studio_v2024-07_fsp_v5.5.0/toolchains/gcc_arm/13.2.rel1/bin/../lib/gcc/arm-none-eabi/13.2.1/thumb/v8-m.base/nofp\libg_nano.a(libc_a-callocr.o)
                0x000042c0                _calloc_r
 .text.__ascii_mbtowc
                0x00004314       0x20 C:/Renesas/RA/e2studio_v2024-07_fsp_v5.5.0/toolchains/gcc_arm/13.2.rel1/bin/../lib/gcc/arm-none-eabi/13.2.1/thumb/v8-m.base/nofp\libg_nano.a(libc_a-mbtowc_r.o)
                0x00004314                __ascii_mbtowc
 .text.__ascii_wctomb
                0x00004334       0x1a C:/Renesas/RA/e2studio_v2024-07_fsp_v5.5.0/toolchains/gcc_arm/13.2.rel1/bin/../lib/gcc/arm-none-eabi/13.2.1/thumb/v8-m.base/nofp\libg_nano.a(libc_a-wctomb_r.o)
                0x00004334                __ascii_wctomb
 *fill*         0x0000434e        0x2 ff
 .text          0x00004350       0x14 C:/Renesas/RA/e2studio_v2024-07_fsp_v5.5.0/toolchains/gcc_arm/13.2.rel1/bin/../lib/gcc/arm-none-eabi/13.2.1/thumb/v8-m.base/nofp\libgcc.a(_thumb1_case_shi.o)
                0x00004350                __gnu_thumb1_case_shi
 .text          0x00004364       0x7c C:/Renesas/RA/e2studio_v2024-07_fsp_v5.5.0/toolchains/gcc_arm/13.2.rel1/bin/../lib/gcc/arm-none-eabi/13.2.1/thumb/v8-m.base/nofp\libgcc.a(_arm_cmpdf2.o)
                0x00004364                __aeabi_cdrcmple
                0x00004374                __aeabi_cdcmple
                0x00004374                __aeabi_cdcmpeq
                0x00004384                __aeabi_dcmpeq
                0x00004390                __aeabi_dcmplt
                0x000043a4                __aeabi_dcmple
                0x000043b8                __aeabi_dcmpgt
                0x000043cc                __aeabi_dcmpge
 .text.__aeabi_dadd
                0x000043e0      0x704 C:/Renesas/RA/e2studio_v2024-07_fsp_v5.5.0/toolchains/gcc_arm/13.2.rel1/bin/../lib/gcc/arm-none-eabi/13.2.1/thumb/v8-m.base/nofp\libgcc.a(adddf3.o)
                0x000043e0                __aeabi_dadd
 .text.__aeabi_ddiv
                0x00004ae4      0x678 C:/Renesas/RA/e2studio_v2024-07_fsp_v5.5.0/toolchains/gcc_arm/13.2.rel1/bin/../lib/gcc/arm-none-eabi/13.2.1/thumb/v8-m.base/nofp\libgcc.a(divdf3.o)
                0x00004ae4                __aeabi_ddiv
 .text.__eqdf2  0x0000515c       0x88 C:/Renesas/RA/e2studio_v2024-07_fsp_v5.5.0/toolchains/gcc_arm/13.2.rel1/bin/../lib/gcc/arm-none-eabi/13.2.1/thumb/v8-m.base/nofp\libgcc.a(eqdf2.o)
                0x0000515c                __nedf2
                0x0000515c                __eqdf2
 .text.__gedf2  0x000051e4       0xdc C:/Renesas/RA/e2studio_v2024-07_fsp_v5.5.0/toolchains/gcc_arm/13.2.rel1/bin/../lib/gcc/arm-none-eabi/13.2.1/thumb/v8-m.base/nofp\libgcc.a(gedf2.o)
                0x000051e4                __gedf2
                0x000051e4                __gtdf2
 .text.__ledf2  0x000052c0       0xdc C:/Renesas/RA/e2studio_v2024-07_fsp_v5.5.0/toolchains/gcc_arm/13.2.rel1/bin/../lib/gcc/arm-none-eabi/13.2.1/thumb/v8-m.base/nofp\libgcc.a(ledf2.o)
                0x000052c0                __ledf2
                0x000052c0                __ltdf2
 .text.__aeabi_dmul
                0x0000539c      0x5b4 C:/Renesas/RA/e2studio_v2024-07_fsp_v5.5.0/toolchains/gcc_arm/13.2.rel1/bin/../lib/gcc/arm-none-eabi/13.2.1/thumb/v8-m.base/nofp\libgcc.a(muldf3.o)
                0x0000539c                __aeabi_dmul
 .text.__aeabi_dsub
                0x00005950      0x7a4 C:/Renesas/RA/e2studio_v2024-07_fsp_v5.5.0/toolchains/gcc_arm/13.2.rel1/bin/../lib/gcc/arm-none-eabi/13.2.1/thumb/v8-m.base/nofp\libgcc.a(subdf3.o)
                0x00005950                __aeabi_dsub
 .text.__aeabi_dcmpun
                0x000060f4       0x38 C:/Renesas/RA/e2studio_v2024-07_fsp_v5.5.0/toolchains/gcc_arm/13.2.rel1/bin/../lib/gcc/arm-none-eabi/13.2.1/thumb/v8-m.base/nofp\libgcc.a(unorddf2.o)
                0x000060f4                __aeabi_dcmpun
 .text.__aeabi_d2iz
                0x0000612c       0x70 C:/Renesas/RA/e2studio_v2024-07_fsp_v5.5.0/toolchains/gcc_arm/13.2.rel1/bin/../lib/gcc/arm-none-eabi/13.2.1/thumb/v8-m.base/nofp\libgcc.a(fixdfsi.o)
                0x0000612c                __aeabi_d2iz
 .text.__aeabi_i2d
                0x0000619c       0x58 C:/Renesas/RA/e2studio_v2024-07_fsp_v5.5.0/toolchains/gcc_arm/13.2.rel1/bin/../lib/gcc/arm-none-eabi/13.2.1/thumb/v8-m.base/nofp\libgcc.a(floatsidf.o)
                0x0000619c                __aeabi_i2d
 .text.__aeabi_ui2d
                0x000061f4       0x48 C:/Renesas/RA/e2studio_v2024-07_fsp_v5.5.0/toolchains/gcc_arm/13.2.rel1/bin/../lib/gcc/arm-none-eabi/13.2.1/thumb/v8-m.base/nofp\libgcc.a(floatunsidf.o)
                0x000061f4                __aeabi_ui2d
 .text._close   0x0000623c       0x14 C:/Renesas/RA/e2studio_v2024-07_fsp_v5.5.0/toolchains/gcc_arm/13.2.rel1/bin/../lib/gcc/arm-none-eabi/13.2.1/thumb/v8-m.base/nofp\libnosys.a(close.o)
                0x0000623c                _close
 .text._fstat   0x00006250       0x14 C:/Renesas/RA/e2studio_v2024-07_fsp_v5.5.0/toolchains/gcc_arm/13.2.rel1/bin/../lib/gcc/arm-none-eabi/13.2.1/thumb/v8-m.base/nofp\libnosys.a(fstat.o)
                0x00006250                _fstat
 .text._isatty  0x00006264       0x10 C:/Renesas/RA/e2studio_v2024-07_fsp_v5.5.0/toolchains/gcc_arm/13.2.rel1/bin/../lib/gcc/arm-none-eabi/13.2.1/thumb/v8-m.base/nofp\libnosys.a(isatty.o)
                0x00006264                _isatty
 .text._lseek   0x00006274       0x14 C:/Renesas/RA/e2studio_v2024-07_fsp_v5.5.0/toolchains/gcc_arm/13.2.rel1/bin/../lib/gcc/arm-none-eabi/13.2.1/thumb/v8-m.base/nofp\libnosys.a(lseek.o)
                0x00006274                _lseek
 .text._read    0x00006288       0x14 C:/Renesas/RA/e2studio_v2024-07_fsp_v5.5.0/toolchains/gcc_arm/13.2.rel1/bin/../lib/gcc/arm-none-eabi/13.2.1/thumb/v8-m.base/nofp\libnosys.a(read.o)
                0x00006288                _read
 *(.version)
 .version       0x0000629c       0x50 ./ra/fsp/src/bsp/mcu/all/bsp_common.o
 *(.init)
 .init          0x000062ec        0x4 C:/Renesas/RA/e2studio_v2024-07_fsp_v5.5.0/toolchains/gcc_arm/13.2.rel1/bin/../lib/gcc/arm-none-eabi/13.2.1/thumb/v8-m.base/nofp/crti.o
                0x000062ec                _init
 .init          0x000062f0        0x8 C:/Renesas/RA/e2studio_v2024-07_fsp_v5.5.0/toolchains/gcc_arm/13.2.rel1/bin/../lib/gcc/arm-none-eabi/13.2.1/thumb/v8-m.base/nofp/crtn.o
 *(.fini)
 .fini          0x000062f8        0x4 C:/Renesas/RA/e2studio_v2024-07_fsp_v5.5.0/toolchains/gcc_arm/13.2.rel1/bin/../lib/gcc/arm-none-eabi/13.2.1/thumb/v8-m.base/nofp/crti.o
                0x000062f8                _fini
 .fini          0x000062fc        0x8 C:/Renesas/RA/e2studio_v2024-07_fsp_v5.5.0/toolchains/gcc_arm/13.2.rel1/bin/../lib/gcc/arm-none-eabi/13.2.1/thumb/v8-m.base/nofp/crtn.o
 *crtbegin.o(.ctors)
 *crtbegin?.o(.ctors)
 *(EXCLUDE_FILE(*crtend.o *crtend?.o) .ctors)
 *(SORT_BY_NAME(.ctors.*))
 *(.ctors)
 *crtbegin.o(.dtors)
 *crtbegin?.o(.dtors)
 *(EXCLUDE_FILE(*crtend.o *crtend?.o) .dtors)
 *(SORT_BY_NAME(.dtors.*))
 *(.dtors)
 *(.rodata*)
 .rodata.platform_write.str1.1
                0x00006304      0x1b3 ./src/hal_entry.o
                                 0x26 (size before relaxing)
 .rodata.hal_entry.str1.1
                0x000064b7       0x56 ./src/hal_entry.o
 .rodata.__func__.0
                0x000064b7        0xf ./src/hal_entry.o
 .rodata.__func__.1
                0x000064c6        0xe ./src/hal_entry.o
 .rodata.__func__.2
                0x000064d4        0xa ./src/hal_entry.o
 *fill*         0x000064de        0x2 ff
 .rodata.g_uart0_cfg
                0x000064e0       0x20 ./ra_gen/hal_data.o
                0x000064e0                g_uart0_cfg
 .rodata.g_uart0_cfg_extend
                0x00006500        0x8 ./ra_gen/hal_data.o
                0x00006500                g_uart0_cfg_extend
 .rodata.g_iica_master0_cfg
                0x00006508       0x28 ./ra_gen/hal_data.o
                0x00006508                g_iica_master0_cfg
 .rodata.g_iica_master0_extend
                0x00006530       0x18 ./ra_gen/hal_data.o
                0x00006530                g_iica_master0_extend
 .rodata.g_bsp_pin_cfg
                0x00006548        0xc ./ra_gen/pin_data.o
                0x00006548                g_bsp_pin_cfg
 .rodata.g_bsp_pin_cfg_data
                0x00006554       0x30 ./ra_gen/pin_data.o
                0x00006554                g_bsp_pin_cfg_data
 .rodata.uarta_event_lut
                0x00006584        0x8 ./ra/fsp/src/r_uarta/r_uarta.o
 .rodata.uarta_parity_lut
                0x0000658c        0x4 ./ra/fsp/src/r_uarta/r_uarta.o
 .rodata.__aeabi_fdiv
                0x00006590       0x7c C:/Renesas/RA/e2studio_v2024-07_fsp_v5.5.0/toolchains/gcc_arm/13.2.rel1/bin/../lib/gcc/arm-none-eabi/13.2.1/thumb/v8-m.base/nofp\libgcc.a(divsf3.o)
 .rodata._printf_float.str1.1
                0x0000660c       0x12 C:/Renesas/RA/e2studio_v2024-07_fsp_v5.5.0/toolchains/gcc_arm/13.2.rel1/bin/../lib/gcc/arm-none-eabi/13.2.1/thumb/v8-m.base/nofp\libg_nano.a(libc_a-nano-vfprintf_float.o)
 .rodata._printf_i.str1.1
                0x0000660c       0x22 C:/Renesas/RA/e2studio_v2024-07_fsp_v5.5.0/toolchains/gcc_arm/13.2.rel1/bin/../lib/gcc/arm-none-eabi/13.2.1/thumb/v8-m.base/nofp\libg_nano.a(libc_a-nano-vfprintf_i.o)
 .rodata._dtoa_r.str1.1
                0x0000660c       0x90 C:/Renesas/RA/e2studio_v2024-07_fsp_v5.5.0/toolchains/gcc_arm/13.2.rel1/bin/../lib/gcc/arm-none-eabi/13.2.1/thumb/v8-m.base/nofp\libg_nano.a(libc_a-dtoa.o)
 .rodata._Balloc.str1.1
                0x0000660c       0x71 C:/Renesas/RA/e2studio_v2024-07_fsp_v5.5.0/toolchains/gcc_arm/13.2.rel1/bin/../lib/gcc/arm-none-eabi/13.2.1/thumb/v8-m.base/nofp\libg_nano.a(libc_a-mprec.o)
 .rodata.__multadd.str1.1
                0x0000660c       0x11 C:/Renesas/RA/e2studio_v2024-07_fsp_v5.5.0/toolchains/gcc_arm/13.2.rel1/bin/../lib/gcc/arm-none-eabi/13.2.1/thumb/v8-m.base/nofp\libg_nano.a(libc_a-mprec.o)
 .rodata.p05.0  0x0000660c        0xc C:/Renesas/RA/e2studio_v2024-07_fsp_v5.5.0/toolchains/gcc_arm/13.2.rel1/bin/../lib/gcc/arm-none-eabi/13.2.1/thumb/v8-m.base/nofp\libg_nano.a(libc_a-mprec.o)
 .rodata.__mprec_bigtens
                0x00006618       0x28 C:/Renesas/RA/e2studio_v2024-07_fsp_v5.5.0/toolchains/gcc_arm/13.2.rel1/bin/../lib/gcc/arm-none-eabi/13.2.1/thumb/v8-m.base/nofp\libg_nano.a(libc_a-mprec.o)
                0x00006618                __mprec_bigtens
 .rodata.__mprec_tens
                0x00006640       0xc8 C:/Renesas/RA/e2studio_v2024-07_fsp_v5.5.0/toolchains/gcc_arm/13.2.rel1/bin/../lib/gcc/arm-none-eabi/13.2.1/thumb/v8-m.base/nofp\libg_nano.a(libc_a-mprec.o)
                0x00006640                __mprec_tens
 .rodata._vfprintf_r.str1.1
                0x00006708       0x11 C:/Renesas/RA/e2studio_v2024-07_fsp_v5.5.0/toolchains/gcc_arm/13.2.rel1/bin/../lib/gcc/arm-none-eabi/13.2.1/thumb/v8-m.base/nofp\libg_nano.a(libc_a-nano-vfprintf.o)
 .rodata._setlocale_r.str1.1
                0x00006708        0x9 C:/Renesas/RA/e2studio_v2024-07_fsp_v5.5.0/toolchains/gcc_arm/13.2.rel1/bin/../lib/gcc/arm-none-eabi/13.2.1/thumb/v8-m.base/nofp\libg_nano.a(libc_a-locale.o)
 .rodata.str1.1
                0x00006708        0x2 C:/Renesas/RA/e2studio_v2024-07_fsp_v5.5.0/toolchains/gcc_arm/13.2.rel1/bin/../lib/gcc/arm-none-eabi/13.2.1/thumb/v8-m.base/nofp\libg_nano.a(libc_a-locale.o)
 .rodata._ctype_
                0x00006708      0x101 C:/Renesas/RA/e2studio_v2024-07_fsp_v5.5.0/toolchains/gcc_arm/13.2.rel1/bin/../lib/gcc/arm-none-eabi/13.2.1/thumb/v8-m.base/nofp\libg_nano.a(libc_a-ctype_.o)
                0x00006708                _ctype_
 *fill*         0x00006809        0x3 ff
 .rodata.__aeabi_ddiv
                0x0000680c       0x40 C:/Renesas/RA/e2studio_v2024-07_fsp_v5.5.0/toolchains/gcc_arm/13.2.rel1/bin/../lib/gcc/arm-none-eabi/13.2.1/thumb/v8-m.base/nofp\libgcc.a(divdf3.o)
                0x0000684c                        __usb_dev_descriptor_start_fs = .
 *(.usb_device_desc_fs*)
                0x0000684c                        __usb_cfg_descriptor_start_fs = .
 *(.usb_config_desc_fs*)
                0x0000684c                        __usb_interface_descriptor_start_fs = .
 *(.usb_interface_desc_fs*)
                0x0000684c                        __usb_descriptor_end_fs = .
                0x0000684c                        __usb_dev_descriptor_start_hs = .
 *(.usb_device_desc_hs*)
                0x0000684c                        __usb_cfg_descriptor_start_hs = .
 *(.usb_config_desc_hs*)
                0x0000684c                        __usb_interface_descriptor_start_hs = .
 *(.usb_interface_desc_hs*)
                0x0000684c                        __usb_descriptor_end_hs = .
 *(.eh_frame*)
 .eh_frame      0x0000684c        0x0 C:/Renesas/RA/e2studio_v2024-07_fsp_v5.5.0/toolchains/gcc_arm/13.2.rel1/bin/../lib/gcc/arm-none-eabi/13.2.1/thumb/v8-m.base/nofp/crtbegin.o
 .eh_frame      0x0000684c        0x4 C:/Renesas/RA/e2studio_v2024-07_fsp_v5.5.0/toolchains/gcc_arm/13.2.rel1/bin/../lib/gcc/arm-none-eabi/13.2.1/thumb/v8-m.base/nofp/crtend.o
                0x00006850                        __ROM_End = .
                0x000000e8                        __Vectors_Size = (__Vectors_End - __Vectors)

.glue_7         0x00006850        0x0
 .glue_7        0x00006850        0x0 linker stubs

.glue_7t        0x00006850        0x0
 .glue_7t       0x00006850        0x0 linker stubs

.vfp11_veneer   0x00006850        0x0
 .vfp11_veneer  0x00006850        0x0 linker stubs

.v4_bx          0x00006850        0x0
 .v4_bx         0x00006850        0x0 linker stubs

.iplt           0x00006850        0x0
 .iplt          0x00006850        0x0 C:/Renesas/RA/e2studio_v2024-07_fsp_v5.5.0/toolchains/gcc_arm/13.2.rel1/bin/../lib/gcc/arm-none-eabi/13.2.1/thumb/v8-m.base/nofp/crtbegin.o
                0x00006850                        . = .
                0x00006850                        __itcm_data_pre_location = .

.itcm_data      0x00000000        0x0 load address 0x00006850
                0x00000000                        __tz_ITCM_S = ABSOLUTE (ITCM_START)
                0x00000000                        __itcm_data_start = .
 *(.itcm_data*)
                0x00000000                        . = ALIGN (0x8)
                0x00000000                        __itcm_data_end = .
                0x00000000                        __tz_ITCM_N = DEFINED (ITCM_NS_START)?ABSOLUTE (ITCM_NS_START):ALIGN (__itcm_data_end, 0x2000)
                0x00006850                        __itcm_data_init_start = LOADADDR (.itcm_data)
                0x00006850                        __itcm_data_init_end = (LOADADDR (.itcm_data) + SIZEOF (.itcm_data))
                0x00000001                        ASSERT (((ORIGIN (ITCM) % 0x8) == 0x0), ITCM memory region origin must be aligned to 8 bytes.)
                0x00000001                        ASSERT (((LENGTH (ITCM) % 0x8) == 0x0), ITCM memory region length must be a multiple of 8 bytes.)
                0x00000001                        ASSERT (((LOADADDR (.itcm_data) % 0x10) == 0x0), .itcm_data section must be aligned to 16 bytes.)
                0x00000001                        ASSERT (((SIZEOF (.itcm_data) % 0x8) == 0x0), .itcm_data section size must be a multiple of 8 bytes.)
                0x00006850                        . = (SIZEOF (.itcm_data) > 0x0)?__itcm_data_init_end:__itcm_data_pre_location
                0x00006850                        __exidx_start = .

/DISCARD/
 *(.ARM.extab* .gnu.linkonce.armextab.*)
 *(.ARM.exidx* .gnu.linkonce.armexidx.*)
                0x00006850                        __exidx_end = .
                0x00006850                        __etext = .
                0x20004000                        __tz_RAM_S = ORIGIN (RAM)

.fsp_dtc_vector_table
                0x20004000        0x0
                0x20004000                        . = ORIGIN (RAM)
 *(.fsp_dtc_vector_table)

.data           0x20004000      0x1dc load address 0x00006850
                0x20004000                        __data_start__ = .
                0x20004000                        . = ALIGN (0x4)
                0x20004000                        __Code_In_RAM_Start = .
 *(.code_in_ram*)
                0x20004000                        __Code_In_RAM_End = .
 *(vtable)
 *(.data.*)
 .data.timeout_ms
                0x20004000        0x4 ./src/hal_entry.o
                0x20004000                timeout_ms
 .data.i2c_event
                0x20004004        0x1 ./src/hal_entry.o
                0x20004004                i2c_event
 *fill*         0x20004005        0x1 
 .data.g_uart0_baud_setting
                0x20004006        0x4 ./ra_gen/hal_data.o
                0x20004006                g_uart0_baud_setting
 *fill*         0x2000400a        0x2 
 .data.__sglue  0x2000400c        0xc C:/Renesas/RA/e2studio_v2024-07_fsp_v5.5.0/toolchains/gcc_arm/13.2.rel1/bin/../lib/gcc/arm-none-eabi/13.2.1/thumb/v8-m.base/nofp\libg_nano.a(libc_a-findfp.o)
                0x2000400c                __sglue
 .data._impure_ptr
                0x20004018        0x4 C:/Renesas/RA/e2studio_v2024-07_fsp_v5.5.0/toolchains/gcc_arm/13.2.rel1/bin/../lib/gcc/arm-none-eabi/13.2.1/thumb/v8-m.base/nofp\libg_nano.a(libc_a-impure.o)
                0x20004018                _impure_ptr
 .data._impure_data
                0x2000401c       0x4c C:/Renesas/RA/e2studio_v2024-07_fsp_v5.5.0/toolchains/gcc_arm/13.2.rel1/bin/../lib/gcc/arm-none-eabi/13.2.1/thumb/v8-m.base/nofp\libg_nano.a(libc_a-impure.o)
                0x2000401c                _impure_data
 .data.__global_locale
                0x20004068      0x16c C:/Renesas/RA/e2studio_v2024-07_fsp_v5.5.0/toolchains/gcc_arm/13.2.rel1/bin/../lib/gcc/arm-none-eabi/13.2.1/thumb/v8-m.base/nofp\libg_nano.a(libc_a-locale.o)
                0x20004068                __global_locale
 *(.data)
                0x200041d4                        . = ALIGN (0x4)
                0x200041d4                        PROVIDE (__preinit_array_start = .)
 *(.preinit_array)
                0x200041d4                        PROVIDE (__preinit_array_end = .)
                0x200041d4                        . = ALIGN (0x4)
                0x200041d4                        PROVIDE (__init_array_start = .)
 *(SORT_BY_NAME(.init_array.*))
 *(.init_array)
 .init_array    0x200041d4        0x4 C:/Renesas/RA/e2studio_v2024-07_fsp_v5.5.0/toolchains/gcc_arm/13.2.rel1/bin/../lib/gcc/arm-none-eabi/13.2.1/thumb/v8-m.base/nofp/crtbegin.o
                0x200041d8                        PROVIDE (__init_array_end = .)
                0x200041d8                        . = ALIGN (0x4)
                [!provide]                        PROVIDE (__fini_array_start = .)
 *(SORT_BY_NAME(.fini_array.*))
 *(.fini_array)
 .fini_array    0x200041d8        0x4 C:/Renesas/RA/e2studio_v2024-07_fsp_v5.5.0/toolchains/gcc_arm/13.2.rel1/bin/../lib/gcc/arm-none-eabi/13.2.1/thumb/v8-m.base/nofp/crtbegin.o
                [!provide]                        PROVIDE (__fini_array_end = .)
 *(.jcr*)
                0x200041dc                        . = ALIGN (0x4)
                0x200041dc                        __data_end__ = .

.tm_clone_table
                0x200041dc        0x0 load address 0x00006a2c
 .tm_clone_table
                0x200041dc        0x0 C:/Renesas/RA/e2studio_v2024-07_fsp_v5.5.0/toolchains/gcc_arm/13.2.rel1/bin/../lib/gcc/arm-none-eabi/13.2.1/thumb/v8-m.base/nofp/crtbegin.o
 .tm_clone_table
                0x200041dc        0x0 C:/Renesas/RA/e2studio_v2024-07_fsp_v5.5.0/toolchains/gcc_arm/13.2.rel1/bin/../lib/gcc/arm-none-eabi/13.2.1/thumb/v8-m.base/nofp/crtend.o

.igot.plt       0x200041dc        0x0 load address 0x00006a2c
 .igot.plt      0x200041dc        0x0 C:/Renesas/RA/e2studio_v2024-07_fsp_v5.5.0/toolchains/gcc_arm/13.2.rel1/bin/../lib/gcc/arm-none-eabi/13.2.1/thumb/v8-m.base/nofp/crtbegin.o
                0x200041dc                        . = .
                0x00006a2c                        __dtcm_data_pre_location = (LOADADDR (.data) + SIZEOF (.data))

.dtcm_data      0x00000000        0x0 load address 0x00006a30
                0x00000000                        __tz_DTCM_S = ABSOLUTE (DTCM_START)
                0x00000000                        __dtcm_data_start = .
 *(.dtcm_data*)
                0x00000000                        . = ALIGN (0x8)
                0x00000000                        __dtcm_data_end = .
                0x00000000                        . = __dtcm_data_end

.dtcm_bss       0x00000000        0x0
                0x00000000                        __dtcm_bss_start = .
 *(.dtcm_bss*)
                0x00000000                        . = ALIGN (0x8)
                0x00000000                        __dtcm_bss_end = .
                0x00000000                        __tz_DTCM_N = DEFINED (DTCM_NS_START)?ABSOLUTE (DTCM_NS_START):ALIGN (__dtcm_bss_end, 0x2000)
                0x00006a30                        __dtcm_data_init_start = LOADADDR (.dtcm_data)
                0x00006a30                        __dtcm_data_init_end = (LOADADDR (.dtcm_data) + SIZEOF (.dtcm_data))
                0x00000001                        ASSERT (((ORIGIN (DTCM) % 0x8) == 0x0), DTCM memory region origin must be aligned to 8 bytes.)
                0x00000001                        ASSERT (((LENGTH (DTCM) % 0x8) == 0x0), DTCM memory region length must be a multiple of 8 bytes.)
                0x00000001                        ASSERT ((LOADADDR (.dtcm_bss) == ADDR (.dtcm_bss)), .dtcm_bss has (VMA != LMA) but should be NOLOAD (VMA == LMA).)
                0x00000001                        ASSERT (((LOADADDR (.dtcm_data) % 0x10) == 0x0), .dtcm_data section must be aligned to 16 bytes.)
                0x00000001                        ASSERT (((SIZEOF (.dtcm_data) % 0x8) == 0x0), .dtcm_data section size must be a multiple of 8 bytes.)
                0x00000001                        ASSERT (((LOADADDR (.dtcm_bss) % 0x8) == 0x0), .dtcm_bss section must be aligned to 8 bytes.)
                0x00000001                        ASSERT (((SIZEOF (.dtcm_bss) % 0x8) == 0x0), .dtcm_bss section size must be a multiple of 8 bytes.)
                0x00000001                        ASSERT ((__dtcm_bss_start == __dtcm_data_end), .dtcm_bss section is not adjacent to .dtcm_data section.)
                0x00006a2c                        . = (SIZEOF (.dtcm_data) > 0x0)?__dtcm_data_init_end:__dtcm_data_pre_location
                0x00006a2c                        sgstubs_pre_location = .
                0x00006c00                        SGSTUBS_LOC = (DEFINED (PROJECT_SECURE) && DEFINED (FLASH_NSC_START))?ABSOLUTE (FLASH_NSC_START):ALIGN (0x400)

.gnu.sgstubs    0x00006c00        0x0
                0x00006c00                        __tz_FLASH_C = DEFINED (FLASH_NSC_START)?ABSOLUTE (FLASH_NSC_START):__RESERVE_NS_RAM?ABSOLUTE ((FLASH_START + FLASH_LENGTH)):ALIGN (0x400)
                0x00006c00                        _start_sg = .
 *(.gnu.sgstubs*)
                0x00006c00                        . = ALIGN (0x20)
                0x00006c00                        _end_sg = .
                0x00008000                        __tz_FLASH_N = DEFINED (FLASH_NS_START)?ABSOLUTE (FLASH_NS_START):__RESERVE_NS_RAM?ABSOLUTE ((FLASH_START + FLASH_LENGTH)):(FLASH_LENGTH < 0x8000)?FLASH_LENGTH:ALIGN (0x8000)
                0x00008000                        FLASH_NS_IMAGE_START = DEFINED (FLASH_NS_IMAGE_START)?FLASH_NS_IMAGE_START:__tz_FLASH_N
                0x60000000                        __tz_QSPI_FLASH_S = ORIGIN (QSPI_FLASH)

.qspi_flash     0x60000000        0x0
                0x60000000                        __qspi_flash_start__ = .
 *(.qspi_flash*)
 *(.code_in_qspi*)
                0x60000000                        __qspi_flash_end__ = .
                0x00000000                        __qspi_flash_code_size__ = (__qspi_flash_end__ - __qspi_flash_start__)
                0x00006a2c                        __qspi_flash_code_addr__ = sgstubs_pre_location

.qspi_non_retentive
                0x60000000        0x0 load address 0x00006a2c
                0x60000000                        __qspi_non_retentive_start__ = .
 *(.qspi_non_retentive*)
                0x60000000                        __qspi_non_retentive_end__ = .
                0x00000000                        __qspi_non_retentive_size__ = (__qspi_non_retentive_end__ - __qspi_non_retentive_start__)
                0x04000000                        __qspi_region_max_size__ = 0x4000000
                0x60000000                        __qspi_region_start_address__ = __qspi_flash_start__
                0x64000000                        __qspi_region_end_address__ = (__qspi_flash_start__ + __qspi_region_max_size__)
                0x60000000                        __tz_QSPI_FLASH_N = __qspi_non_retentive_end__

.OSPI_DEVICE_0_NO_LOAD
                0x80020000        0x0
                0x80020000                        . = ALIGN (0x4)
                0x80020000                        __ospi_device_0_start__ = .
 *(.ospi_device_0_no_load*)
                0x80020000                        . = ALIGN (0x4)
                0x80020000                        __ospi_device_0_end__ = .

.OSPI_DEVICE_1_NO_LOAD
                0x80030000        0x0
                0x80030000                        . = ALIGN (0x4)
                0x80030000                        __ospi_device_1_start__ = .
 *(.ospi_device_1_no_load*)
                0x80030000                        . = ALIGN (0x4)
                0x80030000                        __ospi_device_1_end__ = .
                0x80020000                        __tz_OSPI_DEVICE_0_S = ORIGIN (OSPI_DEVICE_0)

.OSPI_DEVICE_0  0x80020000        0x0
                0x80020000                        __ospi_device_0_start__ = .
 *(.ospi_device_0*)
 *(.code_in_ospi_device_0*)
                0x80020000                        __ospi_device_0_end__ = .
                0x00000000                        __ospi_device_0_code_size__ = (__ospi_device_0_end__ - __ospi_device_0_start__)
                0x00006a2c                        __ospi_device_0_code_addr__ = (sgstubs_pre_location + SIZEOF (.qspi_non_retentive))

.ospi_device_0_non_retentive
                0x80020000        0x0 load address 0x00006a2c
                0x80020000                        __ospi_device_0_non_retentive_start__ = .
 *(.ospi_device_0_non_retentive*)
                0x80020000                        __ospi_device_0_non_retentive_end__ = .
                0x00000000                        __ospi_device_0_non_retentive_size__ = (__ospi_device_0_non_retentive_end__ - __ospi_device_0_non_retentive_start__)
                0x08000000                        __ospi_device_0_region_max_size__ = 0x8000000
                0x80020000                        __ospi_device_0_region_start_address__ = __ospi_device_0_start__
                0x88020000                        __ospi_device_0_region_end_address__ = (__ospi_device_0_start__ + __ospi_device_0_region_max_size__)
                0x80020000                        __tz_OSPI_DEVICE_0_N = __ospi_device_0_non_retentive_end__
                0x80030000                        __tz_OSPI_DEVICE_1_S = ORIGIN (OSPI_DEVICE_1)

.OSPI_DEVICE_1  0x80030000        0x0
                0x80030000                        __ospi_device_1_start__ = .
 *(.ospi_device_1*)
 *(.code_in_ospi_device_1*)
                0x80030000                        __ospi_device_1_end__ = .
                0x00000000                        __ospi_device_1_code_size__ = (__ospi_device_1_end__ - __ospi_device_1_start__)
                0x00006a2c                        __ospi_device_1_code_addr__ = (sgstubs_pre_location + (SIZEOF (.qspi_non_retentive) + SIZEOF (.ospi_device_0_non_retentive)))

.ospi_device_1_non_retentive
                0x80030000        0x0 load address 0x00006a2c
                0x80030000                        __ospi_device_1_non_retentive_start__ = .
 *(.ospi_device_1_non_retentive*)
                0x80030000                        __ospi_device_1_non_retentive_end__ = .
                0x00000000                        __ospi_device_1_non_retentive_size__ = (__ospi_device_1_non_retentive_end__ - __ospi_device_1_non_retentive_start__)
                0x10000000                        __ospi_device_1_region_max_size__ = 0x10000000
                0x80030000                        __ospi_device_1_region_start_address__ = __ospi_device_1_start__
                0x90030000                        __ospi_device_1_region_end_address__ = (__ospi_device_1_start__ + __ospi_device_1_region_max_size__)
                0x80030000                        __tz_OSPI_DEVICE_1_N = __ospi_device_1_non_retentive_end__

.noinit         0x200041dc       0x14
                0x200041dc                        . = ALIGN (0x4)
                0x200041dc                        __noinit_start = .
 *(.noinit*)
 .noinit        0x200041dc       0x14 ./ra/fsp/src/bsp/mcu/all/bsp_clocks.o
                0x200041f0                        . = ALIGN (0x8)
 *(.heap.*)
                0x200041f0                        __noinit_end = .

.bss            0x200041f0      0x2bc
                0x200041f0                        . = ALIGN (0x4)
                0x200041f0                        __bss_start__ = .
 *(.bss*)
 .bss.completed.1
                0x200041f0        0x1 C:/Renesas/RA/e2studio_v2024-07_fsp_v5.5.0/toolchains/gcc_arm/13.2.rel1/bin/../lib/gcc/arm-none-eabi/13.2.1/thumb/v8-m.base/nofp/crtbegin.o
 *fill*         0x200041f1        0x3 
 .bss.object.0  0x200041f4       0x18 C:/Renesas/RA/e2studio_v2024-07_fsp_v5.5.0/toolchains/gcc_arm/13.2.rel1/bin/../lib/gcc/arm-none-eabi/13.2.1/thumb/v8-m.base/nofp/crtbegin.o
 .bss.data      0x2000420c       0x10 ./src/hal_entry.o
 .bss.uart_send_complete_flag
                0x2000421c        0x1 ./src/hal_entry.o
                0x2000421c                uart_send_complete_flag
 *fill*         0x2000421d        0x3 
 .bss.err       0x20004220        0x4 ./src/hal_entry.o
                0x20004220                err
 .bss.g_ioport_ctrl
                0x20004224        0x8 ./ra_gen/common_data.o
                0x20004224                g_ioport_ctrl
 .bss.g_uart0_ctrl
                0x2000422c       0x28 ./ra_gen/hal_data.o
                0x2000422c                g_uart0_ctrl
 .bss.g_iica_master0_ctrl
                0x20004254       0x34 ./ra_gen/hal_data.o
                0x20004254                g_iica_master0_ctrl
 .bss.g_bsp_group_irq_sources
                0x20004288       0x24 ./ra/fsp/src/bsp/mcu/all/bsp_group_irq.o
                0x20004288                g_bsp_group_irq_sources
 .bss.g_protect_pfswe_counter
                0x200042ac        0x4 ./ra/fsp/src/bsp/mcu/all/bsp_io.o
                0x200042ac                g_protect_pfswe_counter
 .bss.gp_renesas_isr_context
                0x200042b0       0xa8 ./ra/fsp/src/bsp/mcu/all/bsp_irq.o
                0x200042b0                gp_renesas_isr_context
 .bss.current_heap_end.0
                0x20004358        0x4 ./ra/fsp/src/bsp/mcu/all/bsp_sbrk.o
 .bss.SystemCoreClock
                0x2000435c        0x4 ./ra/fsp/src/bsp/cmsis/Device/RENESAS/Source/system.o
                0x2000435c                SystemCoreClock
 .bss.__sf      0x20004360      0x138 C:/Renesas/RA/e2studio_v2024-07_fsp_v5.5.0/toolchains/gcc_arm/13.2.rel1/bin/../lib/gcc/arm-none-eabi/13.2.1/thumb/v8-m.base/nofp\libg_nano.a(libc_a-findfp.o)
                0x20004360                __sf
 .bss.__stdio_exit_handler
                0x20004498        0x4 C:/Renesas/RA/e2studio_v2024-07_fsp_v5.5.0/toolchains/gcc_arm/13.2.rel1/bin/../lib/gcc/arm-none-eabi/13.2.1/thumb/v8-m.base/nofp\libg_nano.a(libc_a-findfp.o)
                0x20004498                __stdio_exit_handler
 .bss.errno     0x2000449c        0x4 C:/Renesas/RA/e2studio_v2024-07_fsp_v5.5.0/toolchains/gcc_arm/13.2.rel1/bin/../lib/gcc/arm-none-eabi/13.2.1/thumb/v8-m.base/nofp\libg_nano.a(libc_a-reent.o)
                0x2000449c                errno
 .bss.__lock___malloc_recursive_mutex
                0x200044a0        0x1 C:/Renesas/RA/e2studio_v2024-07_fsp_v5.5.0/toolchains/gcc_arm/13.2.rel1/bin/../lib/gcc/arm-none-eabi/13.2.1/thumb/v8-m.base/nofp\libg_nano.a(libc_a-lock.o)
                0x200044a0                __lock___malloc_recursive_mutex
 .bss.__lock___sfp_recursive_mutex
                0x200044a1        0x1 C:/Renesas/RA/e2studio_v2024-07_fsp_v5.5.0/toolchains/gcc_arm/13.2.rel1/bin/../lib/gcc/arm-none-eabi/13.2.1/thumb/v8-m.base/nofp\libg_nano.a(libc_a-lock.o)
                0x200044a1                __lock___sfp_recursive_mutex
 *fill*         0x200044a2        0x2 
 .bss.__malloc_sbrk_start
                0x200044a4        0x4 C:/Renesas/RA/e2studio_v2024-07_fsp_v5.5.0/toolchains/gcc_arm/13.2.rel1/bin/../lib/gcc/arm-none-eabi/13.2.1/thumb/v8-m.base/nofp\libg_nano.a(libc_a-mallocr.o)
                0x200044a4                __malloc_sbrk_start
 .bss.__malloc_free_list
                0x200044a8        0x4 C:/Renesas/RA/e2studio_v2024-07_fsp_v5.5.0/toolchains/gcc_arm/13.2.rel1/bin/../lib/gcc/arm-none-eabi/13.2.1/thumb/v8-m.base/nofp\libg_nano.a(libc_a-mallocr.o)
                0x200044a8                __malloc_free_list
 *(COMMON)
                0x200044ac                        . = ALIGN (0x4)
                0x200044ac                        __bss_end__ = .

.heap           0x200044b0     0x2000
                0x200044b0                        . = ALIGN (0x8)
                0x200044b0                        __HeapBase = .
 *(.heap)
 .heap          0x200044b0     0x2000 ./ra/fsp/src/bsp/cmsis/Device/RENESAS/Source/startup.o
                0x200064b0                        __HeapLimit = .

.stack_dummy    0x200064b0      0x400
                0x200064b0                        . = ALIGN (0x8)
                0x200064b0                        __StackLimit = .
 *(.stack)
 .stack         0x200064b0      0x400 ./ra/fsp/src/bsp/cmsis/Device/RENESAS/Source/startup.o
                0x200068b0                        __StackTop = .
 *(.stack*)
                0x200068b0                        __StackTopAll = .
                0x200068b0                        PROVIDE (__stack = __StackTopAll)
                0x200068b0                        __RAM_segment_used_end__ = ALIGN (__StackTopAll, 0x4)
                0x20006c00                        __tz_RAM_C = DEFINED (RAM_NSC_START)?ABSOLUTE ((RAM_NSC_START - RAM_NS_BUFFER_BLOCK_LENGTH)):__RESERVE_NS_RAM?ABSOLUTE (RAM_NS_BUFFER_BLOCK_START):ALIGN (__RAM_segment_used_end__, 0x400)
                0x20008000                        __tz_RAM_N = DEFINED (RAM_NS_START)?ABSOLUTE ((RAM_NS_START - RAM_NS_BUFFER_BLOCK_LENGTH)):__RESERVE_NS_RAM?ABSOLUTE (RAM_NS_BUFFER_BLOCK_START):ALIGN (__tz_RAM_C, 0x2000)

.ns_buffer      0x200068b0        0x0
                0x200068b0                        . = __RESERVE_NS_RAM?ABSOLUTE ((RAM_NS_BUFFER_START & 0xffffffe0)):.
 *(.ns_buffer*)

.data_flash     0x40100000        0x0
                0x40100000                        . = ORIGIN (DATA_FLASH)
                0x40100000                        __tz_DATA_FLASH_S = .
                0x40100000                        __Data_Flash_Start = .
 *(.data_flash*)
                0x40100000                        __Data_Flash_End = .
                0x40100000                        __tz_DATA_FLASH_N = DEFINED (DATA_FLASH_NS_START)?ABSOLUTE (DATA_FLASH_NS_START):__RESERVE_NS_RAM?ABSOLUTE ((DATA_FLASH_START + DATA_FLASH_LENGTH)):ALIGN (0x400)
                0x80010000                        __tz_SDRAM_S = ORIGIN (SDRAM)

.sdram          0x80010000        0x0
                0x80010000                        __SDRAM_Start = .
 *(.sdram*)
 *(.frame*)
                0x80010000                        __SDRAM_End = .
                0x80010000                        __tz_SDRAM_N = __SDRAM_End
                0x01010018                        __tz_ID_CODE_S = ORIGIN (ID_CODE)
                0x01010018                        __tz_ID_CODE_N = __tz_ID_CODE_S

.id_code        0x01010018       0x1c
                0x01010018                        __ID_Code_Start = .
 *(.id_code*)
 .id_code       0x01010018       0x1c ./ra/fsp/src/bsp/mcu/all/bsp_rom_registers.o
                0x01010034                        __ID_Code_End = .
                0x00000000                        __tz_OPTION_SETTING_S = ORIGIN (OPTION_SETTING_OFS)

.rel.dyn        0x01010034        0x0
 .rel.iplt      0x01010034        0x0 C:/Renesas/RA/e2studio_v2024-07_fsp_v5.5.0/toolchains/gcc_arm/13.2.rel1/bin/../lib/gcc/arm-none-eabi/13.2.1/thumb/v8-m.base/nofp/crtbegin.o

.option_setting_ofs
                0x00000000        0x0
                0x00000000                        __OPTION_SETTING_OFS_Start = .
 *(.option_setting_ofs0)
                0x00000000                        . = PROJECT_SECURE_OR_FLAT?(__OPTION_SETTING_OFS_Start + 0x4):__OPTION_SETTING_OFS_Start
 *(.option_setting_ofs2)
                0x00000000                        . = PROJECT_SECURE_OR_FLAT?(__OPTION_SETTING_OFS_Start + 0x10):__OPTION_SETTING_OFS_Start
 *(.option_setting_dualsel)
                0x00000000                        __OPTION_SETTING_OFS_End = .

.option_setting_sas
                0x00000034        0x0
                0x00000034                        __OPTION_SETTING_SAS_Start = .
 *(.option_setting_sas)
                0x00000034                        __OPTION_SETTING_SAS_End = .
                0x00000080                        __tz_OPTION_SETTING_N = ABSOLUTE (OPTION_SETTING_START_NS)

.option_setting_ns
                0x00000000        0x0
                0x00000000                        __OPTION_SETTING_NS_Start = .
 *(.option_setting_ofs1)
                0x00000000                        . = USE_OPTION_SETTING_NS?(__OPTION_SETTING_NS_Start + 0x4):__OPTION_SETTING_NS_Start
 *(.option_setting_ofs3)
                0x00000000                        . = USE_OPTION_SETTING_NS?(__OPTION_SETTING_NS_Start + 0x10):__OPTION_SETTING_NS_Start
 *(.option_setting_banksel)
                0x00000000                        . = USE_OPTION_SETTING_NS?(__OPTION_SETTING_NS_Start + 0x40):__OPTION_SETTING_NS_Start
 *(.option_setting_bps0)
                0x00000000                        . = USE_OPTION_SETTING_NS?(__OPTION_SETTING_NS_Start + 0x44):__OPTION_SETTING_NS_Start
 *(.option_setting_bps1)
                0x00000000                        . = USE_OPTION_SETTING_NS?(__OPTION_SETTING_NS_Start + 0x48):__OPTION_SETTING_NS_Start
 *(.option_setting_bps2)
                0x00000000                        . = USE_OPTION_SETTING_NS?(__OPTION_SETTING_NS_Start + 0x4c):__OPTION_SETTING_NS_Start
 *(.option_setting_bps3)
                0x00000000                        . = USE_OPTION_SETTING_NS?(__OPTION_SETTING_NS_Start + 0x60):__OPTION_SETTING_NS_Start
 *(.option_setting_pbps0)
                0x00000000                        . = USE_OPTION_SETTING_NS?(__OPTION_SETTING_NS_Start + 0x64):__OPTION_SETTING_NS_Start
 *(.option_setting_pbps1)
                0x00000000                        . = USE_OPTION_SETTING_NS?(__OPTION_SETTING_NS_Start + 0x68):__OPTION_SETTING_NS_Start
 *(.option_setting_pbps2)
                0x00000000                        . = USE_OPTION_SETTING_NS?(__OPTION_SETTING_NS_Start + 0x6c):__OPTION_SETTING_NS_Start
 *(.option_setting_pbps3)
                0x00000000                        __OPTION_SETTING_NS_End = .
                0x80000000                        __tz_OPTION_SETTING_S_S = ORIGIN (OPTION_SETTING_S)

.option_setting_s
                0x80000000        0x0
                0x80000000                        __OPTION_SETTING_S_Start = .
 *(.option_setting_ofs1_sec)
                0x80000000                        . = PROJECT_SECURE_OR_FLAT?(__OPTION_SETTING_S_Start + 0x4):__OPTION_SETTING_S_Start
 *(.option_setting_ofs3_sec)
                0x80000000                        . = PROJECT_SECURE_OR_FLAT?(__OPTION_SETTING_S_Start + 0x10):__OPTION_SETTING_S_Start
 *(.option_setting_banksel_sec)
                0x80000000                        . = PROJECT_SECURE_OR_FLAT?(__OPTION_SETTING_S_Start + 0x40):__OPTION_SETTING_S_Start
 *(.option_setting_bps_sec0)
                0x80000000                        . = PROJECT_SECURE_OR_FLAT?(__OPTION_SETTING_S_Start + 0x44):__OPTION_SETTING_S_Start
 *(.option_setting_bps_sec1)
                0x80000000                        . = PROJECT_SECURE_OR_FLAT?(__OPTION_SETTING_S_Start + 0x48):__OPTION_SETTING_S_Start
 *(.option_setting_bps_sec2)
                0x80000000                        . = PROJECT_SECURE_OR_FLAT?(__OPTION_SETTING_S_Start + 0x4c):__OPTION_SETTING_S_Start
 *(.option_setting_bps_sec3)
                0x80000000                        . = PROJECT_SECURE_OR_FLAT?(__OPTION_SETTING_S_Start + 0x60):__OPTION_SETTING_S_Start
 *(.option_setting_pbps_sec0)
                0x80000000                        . = PROJECT_SECURE_OR_FLAT?(__OPTION_SETTING_S_Start + 0x64):__OPTION_SETTING_S_Start
 *(.option_setting_pbps_sec1)
                0x80000000                        . = PROJECT_SECURE_OR_FLAT?(__OPTION_SETTING_S_Start + 0x68):__OPTION_SETTING_S_Start
 *(.option_setting_pbps_sec2)
                0x80000000                        . = PROJECT_SECURE_OR_FLAT?(__OPTION_SETTING_S_Start + 0x6c):__OPTION_SETTING_S_Start
 *(.option_setting_pbps_sec3)
                0x80000000                        . = PROJECT_SECURE_OR_FLAT?(__OPTION_SETTING_S_Start + 0x80):__OPTION_SETTING_S_Start
 *(.option_setting_ofs1_sel)
                0x80000000                        . = PROJECT_SECURE_OR_FLAT?(__OPTION_SETTING_S_Start + 0x84):__OPTION_SETTING_S_Start
 *(.option_setting_ofs3_sel)
                0x80000000                        . = PROJECT_SECURE_OR_FLAT?(__OPTION_SETTING_S_Start + 0x90):__OPTION_SETTING_S_Start
 *(.option_setting_banksel_sel)
                0x80000000                        . = PROJECT_SECURE_OR_FLAT?(__OPTION_SETTING_S_Start + 0xc0):__OPTION_SETTING_S_Start
 *(.option_setting_bps_sel0)
                0x80000000                        . = PROJECT_SECURE_OR_FLAT?(__OPTION_SETTING_S_Start + 0xc4):__OPTION_SETTING_S_Start
 *(.option_setting_bps_sel1)
                0x80000000                        . = PROJECT_SECURE_OR_FLAT?(__OPTION_SETTING_S_Start + 0xc8):__OPTION_SETTING_S_Start
 *(.option_setting_bps_sel2)
                0x80000000                        . = PROJECT_SECURE_OR_FLAT?(__OPTION_SETTING_S_Start + 0xcc):__OPTION_SETTING_S_Start
 *(.option_setting_bps_sel3)
                0x80000000                        __OPTION_SETTING_S_End = .
                0x80000000                        __tz_OPTION_SETTING_S_N = __OPTION_SETTING_S_End
OUTPUT(RA0E1_LPS22DF_Project1.elf elf32-littlearm)
LOAD linker stubs

.ARM.attributes
                0x00000000       0x2c
 .ARM.attributes
                0x00000000       0x22 C:/Renesas/RA/e2studio_v2024-07_fsp_v5.5.0/toolchains/gcc_arm/13.2.rel1/bin/../lib/gcc/arm-none-eabi/13.2.1/thumb/v8-m.base/nofp/crti.o
 .ARM.attributes
                0x00000022       0x30 C:/Renesas/RA/e2studio_v2024-07_fsp_v5.5.0/toolchains/gcc_arm/13.2.rel1/bin/../lib/gcc/arm-none-eabi/13.2.1/thumb/v8-m.base/nofp/crtbegin.o
 .ARM.attributes
                0x00000052       0x30 ./src/hal_entry.o
 .ARM.attributes
                0x00000082       0x30 ./src/lps22df_reg.o
 .ARM.attributes
                0x000000b2       0x30 ./ra_gen/common_data.o
 .ARM.attributes
                0x000000e2       0x30 ./ra_gen/hal_data.o
 .ARM.attributes
                0x00000112       0x30 ./ra_gen/main.o
 .ARM.attributes
                0x00000142       0x30 ./ra_gen/pin_data.o
 .ARM.attributes
                0x00000172       0x30 ./ra_gen/vector_data.o
 .ARM.attributes
                0x000001a2       0x30 ./ra/fsp/src/r_uarta/r_uarta.o
 .ARM.attributes
                0x000001d2       0x30 ./ra/fsp/src/r_ioport/r_ioport.o
 .ARM.attributes
                0x00000202       0x30 ./ra/fsp/src/r_iica_master/r_iica_master.o
 .ARM.attributes
                0x00000232       0x30 ./ra/fsp/src/bsp/mcu/all/bsp_clocks.o
 .ARM.attributes
                0x00000262       0x30 ./ra/fsp/src/bsp/mcu/all/bsp_common.o
 .ARM.attributes
                0x00000292       0x30 ./ra/fsp/src/bsp/mcu/all/bsp_delay.o
 .ARM.attributes
                0x000002c2       0x30 ./ra/fsp/src/bsp/mcu/all/bsp_group_irq.o
 .ARM.attributes
                0x000002f2       0x30 ./ra/fsp/src/bsp/mcu/all/bsp_io.o
 .ARM.attributes
                0x00000322       0x30 ./ra/fsp/src/bsp/mcu/all/bsp_irq.o
 .ARM.attributes
                0x00000352       0x30 ./ra/fsp/src/bsp/mcu/all/bsp_rom_registers.o
 .ARM.attributes
                0x00000382       0x30 ./ra/fsp/src/bsp/mcu/all/bsp_sbrk.o
 .ARM.attributes
                0x000003b2       0x30 ./ra/fsp/src/bsp/cmsis/Device/RENESAS/Source/startup.o
 .ARM.attributes
                0x000003e2       0x30 ./ra/fsp/src/bsp/cmsis/Device/RENESAS/Source/system.o
 .ARM.attributes
                0x00000412       0x22 C:/Renesas/RA/e2studio_v2024-07_fsp_v5.5.0/toolchains/gcc_arm/13.2.rel1/bin/../lib/gcc/arm-none-eabi/13.2.1/thumb/v8-m.base/nofp\libgcc.a(_thumb1_case_uqi.o)
 .ARM.attributes
                0x00000434       0x30 C:/Renesas/RA/e2studio_v2024-07_fsp_v5.5.0/toolchains/gcc_arm/13.2.rel1/bin/../lib/gcc/arm-none-eabi/13.2.1/thumb/v8-m.base/nofp\libgcc.a(_muldi3.o)
 .ARM.attributes
                0x00000464       0x30 C:/Renesas/RA/e2studio_v2024-07_fsp_v5.5.0/toolchains/gcc_arm/13.2.rel1/bin/../lib/gcc/arm-none-eabi/13.2.1/thumb/v8-m.base/nofp\libgcc.a(divsf3.o)
 .ARM.attributes
                0x00000494       0x30 C:/Renesas/RA/e2studio_v2024-07_fsp_v5.5.0/toolchains/gcc_arm/13.2.rel1/bin/../lib/gcc/arm-none-eabi/13.2.1/thumb/v8-m.base/nofp\libgcc.a(mulsf3.o)
 .ARM.attributes
                0x000004c4       0x30 C:/Renesas/RA/e2studio_v2024-07_fsp_v5.5.0/toolchains/gcc_arm/13.2.rel1/bin/../lib/gcc/arm-none-eabi/13.2.1/thumb/v8-m.base/nofp\libgcc.a(floatsisf.o)
 .ARM.attributes
                0x000004f4       0x30 C:/Renesas/RA/e2studio_v2024-07_fsp_v5.5.0/toolchains/gcc_arm/13.2.rel1/bin/../lib/gcc/arm-none-eabi/13.2.1/thumb/v8-m.base/nofp\libgcc.a(extendsfdf2.o)
 .ARM.attributes
                0x00000524       0x22 C:/Renesas/RA/e2studio_v2024-07_fsp_v5.5.0/toolchains/gcc_arm/13.2.rel1/bin/../lib/gcc/arm-none-eabi/13.2.1/thumb/v8-m.base/nofp\libgcc.a(_clzsi2.o)
 .ARM.attributes
                0x00000546       0x30 C:/Renesas/RA/e2studio_v2024-07_fsp_v5.5.0/toolchains/gcc_arm/13.2.rel1/bin/../lib/gcc/arm-none-eabi/13.2.1/thumb/v8-m.base/nofp\libg_nano.a(libc_a-nano-vfprintf_float.o)
 .ARM.attributes
                0x00000576       0x30 C:/Renesas/RA/e2studio_v2024-07_fsp_v5.5.0/toolchains/gcc_arm/13.2.rel1/bin/../lib/gcc/arm-none-eabi/13.2.1/thumb/v8-m.base/nofp\libg_nano.a(libc_a-nano-vfprintf_i.o)
 .ARM.attributes
                0x000005a6       0x30 C:/Renesas/RA/e2studio_v2024-07_fsp_v5.5.0/toolchains/gcc_arm/13.2.rel1/bin/../lib/gcc/arm-none-eabi/13.2.1/thumb/v8-m.base/nofp\libg_nano.a(libc_a-findfp.o)
 .ARM.attributes
                0x000005d6       0x30 C:/Renesas/RA/e2studio_v2024-07_fsp_v5.5.0/toolchains/gcc_arm/13.2.rel1/bin/../lib/gcc/arm-none-eabi/13.2.1/thumb/v8-m.base/nofp\libg_nano.a(libc_a-fwalk.o)
 .ARM.attributes
                0x00000606       0x30 C:/Renesas/RA/e2studio_v2024-07_fsp_v5.5.0/toolchains/gcc_arm/13.2.rel1/bin/../lib/gcc/arm-none-eabi/13.2.1/thumb/v8-m.base/nofp\libg_nano.a(libc_a-printf.o)
 .ARM.attributes
                0x00000636       0x30 C:/Renesas/RA/e2studio_v2024-07_fsp_v5.5.0/toolchains/gcc_arm/13.2.rel1/bin/../lib/gcc/arm-none-eabi/13.2.1/thumb/v8-m.base/nofp\libg_nano.a(libc_a-puts.o)
 .ARM.attributes
                0x00000666       0x30 C:/Renesas/RA/e2studio_v2024-07_fsp_v5.5.0/toolchains/gcc_arm/13.2.rel1/bin/../lib/gcc/arm-none-eabi/13.2.1/thumb/v8-m.base/nofp\libg_nano.a(libc_a-stdio.o)
 .ARM.attributes
                0x00000696       0x30 C:/Renesas/RA/e2studio_v2024-07_fsp_v5.5.0/toolchains/gcc_arm/13.2.rel1/bin/../lib/gcc/arm-none-eabi/13.2.1/thumb/v8-m.base/nofp\libg_nano.a(libc_a-wbuf.o)
 .ARM.attributes
                0x000006c6       0x30 C:/Renesas/RA/e2studio_v2024-07_fsp_v5.5.0/toolchains/gcc_arm/13.2.rel1/bin/../lib/gcc/arm-none-eabi/13.2.1/thumb/v8-m.base/nofp\libg_nano.a(libc_a-wsetup.o)
 .ARM.attributes
                0x000006f6       0x30 C:/Renesas/RA/e2studio_v2024-07_fsp_v5.5.0/toolchains/gcc_arm/13.2.rel1/bin/../lib/gcc/arm-none-eabi/13.2.1/thumb/v8-m.base/nofp\libg_nano.a(libc_a-memset.o)
 .ARM.attributes
                0x00000726       0x30 C:/Renesas/RA/e2studio_v2024-07_fsp_v5.5.0/toolchains/gcc_arm/13.2.rel1/bin/../lib/gcc/arm-none-eabi/13.2.1/thumb/v8-m.base/nofp\libg_nano.a(libc_a-localeconv.o)
 .ARM.attributes
                0x00000756       0x30 C:/Renesas/RA/e2studio_v2024-07_fsp_v5.5.0/toolchains/gcc_arm/13.2.rel1/bin/../lib/gcc/arm-none-eabi/13.2.1/thumb/v8-m.base/nofp\libg_nano.a(libc_a-closer.o)
 .ARM.attributes
                0x00000786       0x30 C:/Renesas/RA/e2studio_v2024-07_fsp_v5.5.0/toolchains/gcc_arm/13.2.rel1/bin/../lib/gcc/arm-none-eabi/13.2.1/thumb/v8-m.base/nofp\libg_nano.a(libc_a-reent.o)
 .ARM.attributes
                0x000007b6       0x30 C:/Renesas/RA/e2studio_v2024-07_fsp_v5.5.0/toolchains/gcc_arm/13.2.rel1/bin/../lib/gcc/arm-none-eabi/13.2.1/thumb/v8-m.base/nofp\libg_nano.a(libc_a-impure.o)
 .ARM.attributes
                0x000007e6       0x30 C:/Renesas/RA/e2studio_v2024-07_fsp_v5.5.0/toolchains/gcc_arm/13.2.rel1/bin/../lib/gcc/arm-none-eabi/13.2.1/thumb/v8-m.base/nofp\libg_nano.a(libc_a-lseekr.o)
 .ARM.attributes
                0x00000816       0x30 C:/Renesas/RA/e2studio_v2024-07_fsp_v5.5.0/toolchains/gcc_arm/13.2.rel1/bin/../lib/gcc/arm-none-eabi/13.2.1/thumb/v8-m.base/nofp\libg_nano.a(libc_a-readr.o)
 .ARM.attributes
                0x00000846       0x30 C:/Renesas/RA/e2studio_v2024-07_fsp_v5.5.0/toolchains/gcc_arm/13.2.rel1/bin/../lib/gcc/arm-none-eabi/13.2.1/thumb/v8-m.base/nofp\libg_nano.a(libc_a-writer.o)
 .ARM.attributes
                0x00000876       0x30 C:/Renesas/RA/e2studio_v2024-07_fsp_v5.5.0/toolchains/gcc_arm/13.2.rel1/bin/../lib/gcc/arm-none-eabi/13.2.1/thumb/v8-m.base/nofp\libg_nano.a(libc_a-errno.o)
 .ARM.attributes
                0x000008a6       0x30 C:/Renesas/RA/e2studio_v2024-07_fsp_v5.5.0/toolchains/gcc_arm/13.2.rel1/bin/../lib/gcc/arm-none-eabi/13.2.1/thumb/v8-m.base/nofp\libg_nano.a(libc_a-lock.o)
 .ARM.attributes
                0x000008d6       0x30 C:/Renesas/RA/e2studio_v2024-07_fsp_v5.5.0/toolchains/gcc_arm/13.2.rel1/bin/../lib/gcc/arm-none-eabi/13.2.1/thumb/v8-m.base/nofp\libg_nano.a(libc_a-memchr-stub.o)
 .ARM.attributes
                0x00000906       0x30 C:/Renesas/RA/e2studio_v2024-07_fsp_v5.5.0/toolchains/gcc_arm/13.2.rel1/bin/../lib/gcc/arm-none-eabi/13.2.1/thumb/v8-m.base/nofp\libg_nano.a(libc_a-memcpy-stub.o)
 .ARM.attributes
                0x00000936       0x1c C:/Renesas/RA/e2studio_v2024-07_fsp_v5.5.0/toolchains/gcc_arm/13.2.rel1/bin/../lib/gcc/arm-none-eabi/13.2.1/thumb/v8-m.base/nofp\libg_nano.a(libc_a-strlen.o)
 .ARM.attributes
                0x00000952       0x30 C:/Renesas/RA/e2studio_v2024-07_fsp_v5.5.0/toolchains/gcc_arm/13.2.rel1/bin/../lib/gcc/arm-none-eabi/13.2.1/thumb/v8-m.base/nofp\libg_nano.a(libc_a-dtoa.o)
 .ARM.attributes
                0x00000982       0x30 C:/Renesas/RA/e2studio_v2024-07_fsp_v5.5.0/toolchains/gcc_arm/13.2.rel1/bin/../lib/gcc/arm-none-eabi/13.2.1/thumb/v8-m.base/nofp\libg_nano.a(libc_a-freer.o)
 .ARM.attributes
                0x000009b2       0x30 C:/Renesas/RA/e2studio_v2024-07_fsp_v5.5.0/toolchains/gcc_arm/13.2.rel1/bin/../lib/gcc/arm-none-eabi/13.2.1/thumb/v8-m.base/nofp\libg_nano.a(libc_a-malloc.o)
 .ARM.attributes
                0x000009e2       0x30 C:/Renesas/RA/e2studio_v2024-07_fsp_v5.5.0/toolchains/gcc_arm/13.2.rel1/bin/../lib/gcc/arm-none-eabi/13.2.1/thumb/v8-m.base/nofp\libg_nano.a(libc_a-mallocr.o)
 .ARM.attributes
                0x00000a12       0x30 C:/Renesas/RA/e2studio_v2024-07_fsp_v5.5.0/toolchains/gcc_arm/13.2.rel1/bin/../lib/gcc/arm-none-eabi/13.2.1/thumb/v8-m.base/nofp\libg_nano.a(libc_a-mlock.o)
 .ARM.attributes
                0x00000a42       0x30 C:/Renesas/RA/e2studio_v2024-07_fsp_v5.5.0/toolchains/gcc_arm/13.2.rel1/bin/../lib/gcc/arm-none-eabi/13.2.1/thumb/v8-m.base/nofp\libg_nano.a(libc_a-mprec.o)
 .ARM.attributes
                0x00000a72       0x30 C:/Renesas/RA/e2studio_v2024-07_fsp_v5.5.0/toolchains/gcc_arm/13.2.rel1/bin/../lib/gcc/arm-none-eabi/13.2.1/thumb/v8-m.base/nofp\libg_nano.a(libc_a-nano-vfprintf.o)
 .ARM.attributes
                0x00000aa2       0x30 C:/Renesas/RA/e2studio_v2024-07_fsp_v5.5.0/toolchains/gcc_arm/13.2.rel1/bin/../lib/gcc/arm-none-eabi/13.2.1/thumb/v8-m.base/nofp\libg_nano.a(libc_a-fflush.o)
 .ARM.attributes
                0x00000ad2       0x30 C:/Renesas/RA/e2studio_v2024-07_fsp_v5.5.0/toolchains/gcc_arm/13.2.rel1/bin/../lib/gcc/arm-none-eabi/13.2.1/thumb/v8-m.base/nofp\libg_nano.a(libc_a-makebuf.o)
 .ARM.attributes
                0x00000b02       0x30 C:/Renesas/RA/e2studio_v2024-07_fsp_v5.5.0/toolchains/gcc_arm/13.2.rel1/bin/../lib/gcc/arm-none-eabi/13.2.1/thumb/v8-m.base/nofp\libg_nano.a(libc_a-locale.o)
 .ARM.attributes
                0x00000b32       0x30 C:/Renesas/RA/e2studio_v2024-07_fsp_v5.5.0/toolchains/gcc_arm/13.2.rel1/bin/../lib/gcc/arm-none-eabi/13.2.1/thumb/v8-m.base/nofp\libg_nano.a(libc_a-fstatr.o)
 .ARM.attributes
                0x00000b62       0x30 C:/Renesas/RA/e2studio_v2024-07_fsp_v5.5.0/toolchains/gcc_arm/13.2.rel1/bin/../lib/gcc/arm-none-eabi/13.2.1/thumb/v8-m.base/nofp\libg_nano.a(libc_a-isattyr.o)
 .ARM.attributes